Component: ARM Compiler 5.05 update 1 (build 106) Tool: armlink [4d0efa]

==============================================================================

Section Cross References

    hello.o(i.ConfigureUART1) refers to uart.o(i.UARTClockSourceSet) for UARTClockSourceSet
    hello.o(i.IR_HANDLER) refers to gpio.o(i.GPIOIntClear) for GPIOIntClear
    hello.o(i.IR_HANDLER) refers to adafruit_ssd1351.o(i.drawFillRect) for drawFillRect
    hello.o(i.IR_HANDLER) refers to sysctl.o(i.SysCtlClockGet) for SysCtlClockGet
    hello.o(i.IR_HANDLER) refers to hello.o(.data) for .data
    hello.o(i.InitConsole) refers to gpio.o(i.GPIOPinTypeUART) for GPIOPinTypeUART
    hello.o(i.InitConsole) refers to uart.o(i.UARTClockSourceSet) for UARTClockSourceSet
    hello.o(i.InitConsole) refers to uartstdio.o(i.UARTStdioConfig) for UARTStdioConfig
    hello.o(i.SYS_TICK_IR_HANDLER) refers to hello.o(.data) for .data
    hello.o(i.main) refers to gpio.o(i.GPIOIntEnable) for GPIOIntEnable
    hello.o(i.main) refers to gpio.o(i.GPIOPinTypeUART) for GPIOPinTypeUART
    hello.o(i.main) refers to gpio.o(i.GPIOPinConfigure) for GPIOPinConfigure
    hello.o(i.main) refers to sysctl.o(i.SysCtlClockGet) for SysCtlClockGet
    hello.o(i.main) refers to hello.o(i.ConfigureUART1) for ConfigureUART1
    hello.o(i.main) refers to adafruit_ssd1351.o(i.reset) for reset
    hello.o(i.main) refers to adafruit_ssd1351.o(i.Adafruit_SSD1351_Init) for Adafruit_SSD1351_Init
    hello.o(i.main) refers to adafruit_ssd1351.o(i.begin) for begin
    hello.o(i.main) refers to hello.o(i.InitConsole) for InitConsole
    hello.o(i.main) refers to adafruit_ssd1351.o(i.fillScreen) for fillScreen
    hello.o(i.main) refers to adafruit_ssd1351.o(i.drawFillRect) for drawFillRect
    hello.o(i.main) refers to adafruit_ssd1351.o(i.fillCircle) for fillCircle
    hello.o(i.main) refers to hello.o(i.Outstr_UART1) for Outstr_UART1
    hello.o(i.main) refers to hello.o(.data) for .data
    startup_rvmdk.o(RESET) refers to startup_rvmdk.o(STACK) for StackMem
    startup_rvmdk.o(RESET) refers to hello.o(i.SYS_TICK_IR_HANDLER) for SYS_TICK_IR_HANDLER
    startup_rvmdk.o(RESET) refers to hello.o(i.IR_HANDLER) for IR_HANDLER
    startup_rvmdk.o(RESET) refers to hello.o(i.UART1IntHandler) for UART1IntHandler
    startup_rvmdk.o(RESET) refers to entry.o(.ARM.Collect$$$$00000000) for __main
    uartstdio.o(i.UARTStdioConfig) refers to uartstdio.o(.constdata) for .constdata
    uartstdio.o(i.UARTStdioConfig) refers to uartstdio.o(.data) for .data
    uartstdio.o(i.UARTgetc) refers to uartstdio.o(.data) for .data
    uartstdio.o(i.UARTgets) refers to uartstdio.o(i.UARTwrite) for UARTwrite
    uartstdio.o(i.UARTgets) refers to uartstdio.o(.data) for .data
    uartstdio.o(i.UARTprintf) refers to uartstdio.o(i.UARTvprintf) for UARTvprintf
    uartstdio.o(i.UARTvprintf) refers to uartstdio.o(i.UARTwrite) for UARTwrite
    uartstdio.o(i.UARTvprintf) refers to uartstdio.o(.constdata) for .constdata
    uartstdio.o(i.UARTwrite) refers to uartstdio.o(.data) for .data
    uartstdio.o(.constdata) refers to uartstdio.o(.conststring) for .conststring
    adafruit_ssd1351.o(i.Adafruit_SSD1351_Init) refers to hello.o(.data) for WIDTH
    adafruit_ssd1351.o(i.Adafruit_SSD1351_Init) refers to hello.o(.data) for HEIGHT
    adafruit_ssd1351.o(i.Adafruit_SSD1351_Init) refers to hello.o(.data) for _width
    adafruit_ssd1351.o(i.Adafruit_SSD1351_Init) refers to hello.o(.data) for _height
    adafruit_ssd1351.o(i.Adafruit_SSD1351_Init) refers to hello.o(.data) for cursor_y
    adafruit_ssd1351.o(i.Adafruit_SSD1351_Init) refers to hello.o(.data) for cursor_x
    adafruit_ssd1351.o(i.Adafruit_SSD1351_Init) refers to hello.o(.data) for rotation
    adafruit_ssd1351.o(i.Adafruit_SSD1351_Init) refers to hello.o(.data) for textsize
    adafruit_ssd1351.o(i.Adafruit_SSD1351_Init) refers to hello.o(.data) for textcolor
    adafruit_ssd1351.o(i.Adafruit_SSD1351_Init) refers to hello.o(.data) for textbgcolor
    adafruit_ssd1351.o(i.Adafruit_SSD1351_Init) refers to hello.o(.data) for wrap
    adafruit_ssd1351.o(i.begin) refers to adafruit_ssd1351.o(i.writeCommand) for writeCommand
    adafruit_ssd1351.o(i.begin) refers to adafruit_ssd1351.o(i.writeData) for writeData
    adafruit_ssd1351.o(i.drawChar) refers to adafruit_ssd1351.o(i.fillRect) for fillRect
    adafruit_ssd1351.o(i.drawChar) refers to adafruit_ssd1351.o(i.drawPixel) for drawPixel
    adafruit_ssd1351.o(i.drawChar) refers to hello.o(.data) for _width
    adafruit_ssd1351.o(i.drawChar) refers to hello.o(.data) for _height
    adafruit_ssd1351.o(i.drawChar) refers to adafruit_ssd1351.o(.constdata) for .constdata
    adafruit_ssd1351.o(i.drawCircle) refers to adafruit_ssd1351.o(i.drawPixel) for drawPixel
    adafruit_ssd1351.o(i.drawCircleHelper) refers to adafruit_ssd1351.o(i.drawPixel) for drawPixel
    adafruit_ssd1351.o(i.drawFastHLine) refers to adafruit_ssd1351.o(i.writeCommand) for writeCommand
    adafruit_ssd1351.o(i.drawFastHLine) refers to adafruit_ssd1351.o(i.writeData) for writeData
    adafruit_ssd1351.o(i.drawFastVLine) refers to adafruit_ssd1351.o(i.writeCommand) for writeCommand
    adafruit_ssd1351.o(i.drawFastVLine) refers to adafruit_ssd1351.o(i.writeData) for writeData
    adafruit_ssd1351.o(i.drawFillRect) refers to adafruit_ssd1351.o(i.writeCommand) for writeCommand
    adafruit_ssd1351.o(i.drawFillRect) refers to adafruit_ssd1351.o(i.writeData) for writeData
    adafruit_ssd1351.o(i.drawLine) refers to adafruit_ssd1351.o(i.abs) for abs
    adafruit_ssd1351.o(i.drawLine) refers to adafruit_ssd1351.o(i.drawPixel) for drawPixel
    adafruit_ssd1351.o(i.drawPixel) refers to adafruit_ssd1351.o(i.getRotation) for getRotation
    adafruit_ssd1351.o(i.drawPixel) refers to adafruit_ssd1351.o(i.goTo) for goTo
    adafruit_ssd1351.o(i.drawPixel) refers to adafruit_ssd1351.o(i.writeData) for writeData
    adafruit_ssd1351.o(i.drawPixel) refers to hello.o(.data) for WIDTH
    adafruit_ssd1351.o(i.drawPixel) refers to hello.o(.data) for HEIGHT
    adafruit_ssd1351.o(i.drawPixel) refers to adafruit_ssd1351.o(.data) for .data
    adafruit_ssd1351.o(i.drawRect) refers to adafruit_ssd1351.o(i.drawFastHLine) for drawFastHLine
    adafruit_ssd1351.o(i.drawRect) refers to adafruit_ssd1351.o(i.drawFastVLine) for drawFastVLine
    adafruit_ssd1351.o(i.drawRoundRect) refers to adafruit_ssd1351.o(i.drawFastHLine) for drawFastHLine
    adafruit_ssd1351.o(i.drawRoundRect) refers to adafruit_ssd1351.o(i.drawFastVLine) for drawFastVLine
    adafruit_ssd1351.o(i.drawRoundRect) refers to adafruit_ssd1351.o(i.drawCircleHelper) for drawCircleHelper
    adafruit_ssd1351.o(i.drawTriangle) refers to adafruit_ssd1351.o(i.drawLine) for drawLine
    adafruit_ssd1351.o(i.fillCircle) refers to adafruit_ssd1351.o(i.drawFastVLine) for drawFastVLine
    adafruit_ssd1351.o(i.fillCircle) refers to adafruit_ssd1351.o(i.fillCircleHelper) for fillCircleHelper
    adafruit_ssd1351.o(i.fillCircleHelper) refers to adafruit_ssd1351.o(i.drawFastVLine) for drawFastVLine
    adafruit_ssd1351.o(i.fillRect) refers to adafruit_ssd1351.o(i.getRotation) for getRotation
    adafruit_ssd1351.o(i.fillRect) refers to adafruit_ssd1351.o(i.drawFillRect) for drawFillRect
    adafruit_ssd1351.o(i.fillRect) refers to hello.o(.data) for WIDTH
    adafruit_ssd1351.o(i.fillRect) refers to hello.o(.data) for HEIGHT
    adafruit_ssd1351.o(i.fillRoundRect) refers to adafruit_ssd1351.o(i.fillRect) for fillRect
    adafruit_ssd1351.o(i.fillRoundRect) refers to adafruit_ssd1351.o(i.fillCircleHelper) for fillCircleHelper
    adafruit_ssd1351.o(i.fillScreen) refers to adafruit_ssd1351.o(i.fillRect) for fillRect
    adafruit_ssd1351.o(i.fillTriangle) refers to adafruit_ssd1351.o(i.drawFastHLine) for drawFastHLine
    adafruit_ssd1351.o(i.getRotation) refers to hello.o(.data) for rotation
    adafruit_ssd1351.o(i.goTo) refers to adafruit_ssd1351.o(i.writeCommand) for writeCommand
    adafruit_ssd1351.o(i.goTo) refers to adafruit_ssd1351.o(i.writeData) for writeData
    adafruit_ssd1351.o(i.height) refers to hello.o(.data) for _height
    adafruit_ssd1351.o(i.invert) refers to adafruit_ssd1351.o(i.writeCommand) for writeCommand
    adafruit_ssd1351.o(i.setCursor) refers to hello.o(.data) for cursor_x
    adafruit_ssd1351.o(i.setCursor) refers to hello.o(.data) for cursor_y
    adafruit_ssd1351.o(i.setRotation) refers to hello.o(.data) for rotation
    adafruit_ssd1351.o(i.setRotation) refers to hello.o(.data) for WIDTH
    adafruit_ssd1351.o(i.setRotation) refers to hello.o(.data) for _width
    adafruit_ssd1351.o(i.setRotation) refers to hello.o(.data) for HEIGHT
    adafruit_ssd1351.o(i.setRotation) refers to hello.o(.data) for _height
    adafruit_ssd1351.o(i.setTextColor) refers to hello.o(.data) for textbgcolor
    adafruit_ssd1351.o(i.setTextColor) refers to hello.o(.data) for textcolor
    adafruit_ssd1351.o(i.setTextSize) refers to hello.o(.data) for textsize
    adafruit_ssd1351.o(i.spiwrite) refers to adafruit_ssd1351.o(.data) for .data
    adafruit_ssd1351.o(i.testdrawcircles) refers to adafruit_ssd1351.o(i.drawCircle) for drawCircle
    adafruit_ssd1351.o(i.testdrawcircles) refers to adafruit_ssd1351.o(i.height) for height
    adafruit_ssd1351.o(i.testdrawcircles) refers to adafruit_ssd1351.o(i.width) for width
    adafruit_ssd1351.o(i.testdrawrects) refers to adafruit_ssd1351.o(i.fillScreen) for fillScreen
    adafruit_ssd1351.o(i.testdrawrects) refers to adafruit_ssd1351.o(i.height) for height
    adafruit_ssd1351.o(i.testdrawrects) refers to adafruit_ssd1351.o(i.width) for width
    adafruit_ssd1351.o(i.testdrawrects) refers to adafruit_ssd1351.o(i.drawRect) for drawRect
    adafruit_ssd1351.o(i.testfastlines) refers to adafruit_ssd1351.o(i.fillScreen) for fillScreen
    adafruit_ssd1351.o(i.testfastlines) refers to adafruit_ssd1351.o(i.width) for width
    adafruit_ssd1351.o(i.testfastlines) refers to adafruit_ssd1351.o(i.drawFastHLine) for drawFastHLine
    adafruit_ssd1351.o(i.testfastlines) refers to adafruit_ssd1351.o(i.height) for height
    adafruit_ssd1351.o(i.testfastlines) refers to adafruit_ssd1351.o(i.drawFastVLine) for drawFastVLine
    adafruit_ssd1351.o(i.testfillcircles) refers to adafruit_ssd1351.o(i.fillCircle) for fillCircle
    adafruit_ssd1351.o(i.testfillcircles) refers to adafruit_ssd1351.o(i.height) for height
    adafruit_ssd1351.o(i.testfillcircles) refers to adafruit_ssd1351.o(i.width) for width
    adafruit_ssd1351.o(i.testfillrects) refers to adafruit_ssd1351.o(i.fillScreen) for fillScreen
    adafruit_ssd1351.o(i.testfillrects) refers to adafruit_ssd1351.o(i.height) for height
    adafruit_ssd1351.o(i.testfillrects) refers to adafruit_ssd1351.o(i.width) for width
    adafruit_ssd1351.o(i.testfillrects) refers to adafruit_ssd1351.o(i.fillRect) for fillRect
    adafruit_ssd1351.o(i.testfillrects) refers to adafruit_ssd1351.o(i.drawRect) for drawRect
    adafruit_ssd1351.o(i.testlines) refers to adafruit_ssd1351.o(i.fillScreen) for fillScreen
    adafruit_ssd1351.o(i.testlines) refers to adafruit_ssd1351.o(i.height) for height
    adafruit_ssd1351.o(i.testlines) refers to adafruit_ssd1351.o(i.drawLine) for drawLine
    adafruit_ssd1351.o(i.testlines) refers to adafruit_ssd1351.o(i.width) for width
    adafruit_ssd1351.o(i.testroundrects) refers to adafruit_ssd1351.o(i.width) for width
    adafruit_ssd1351.o(i.testroundrects) refers to adafruit_ssd1351.o(i.height) for height
    adafruit_ssd1351.o(i.testroundrects) refers to adafruit_ssd1351.o(i.fillScreen) for fillScreen
    adafruit_ssd1351.o(i.testroundrects) refers to adafruit_ssd1351.o(i.drawRoundRect) for drawRoundRect
    adafruit_ssd1351.o(i.testtriangles) refers to adafruit_ssd1351.o(i.width) for width
    adafruit_ssd1351.o(i.testtriangles) refers to adafruit_ssd1351.o(i.height) for height
    adafruit_ssd1351.o(i.testtriangles) refers to adafruit_ssd1351.o(i.fillScreen) for fillScreen
    adafruit_ssd1351.o(i.testtriangles) refers to adafruit_ssd1351.o(i.drawTriangle) for drawTriangle
    adafruit_ssd1351.o(i.width) refers to hello.o(.data) for _width
    adafruit_ssd1351.o(i.writeCommand) refers to ssi.o(i.SSIBusy) for SSIBusy
    adafruit_ssd1351.o(i.writeCommand) refers to ssi.o(i.SSIDataPut) for SSIDataPut
    adafruit_ssd1351.o(i.writeData) refers to ssi.o(i.SSIDataPut) for SSIDataPut
    gpio.o(i.GPIOIntRegister) refers to interrupt.o(i.IntRegister) for IntRegister
    gpio.o(i.GPIOIntRegister) refers to interrupt.o(i.IntEnable) for IntEnable
    gpio.o(i.GPIOIntRegister) refers to gpio.o(.constdata) for .constdata
    gpio.o(i.GPIOIntUnregister) refers to interrupt.o(i.IntDisable) for IntDisable
    gpio.o(i.GPIOIntUnregister) refers to interrupt.o(i.IntUnregister) for IntUnregister
    gpio.o(i.GPIOIntUnregister) refers to gpio.o(.constdata) for .constdata
    gpio.o(i.GPIOPinConfigure) refers to gpio.o(.constdata) for .constdata
    gpio.o(i.GPIOPinTypeADC) refers to gpio.o(i.GPIODirModeSet) for GPIODirModeSet
    gpio.o(i.GPIOPinTypeADC) refers to gpio.o(i.GPIOPadConfigSet) for GPIOPadConfigSet
    gpio.o(i.GPIOPinTypeCAN) refers to gpio.o(i.GPIODirModeSet) for GPIODirModeSet
    gpio.o(i.GPIOPinTypeCAN) refers to gpio.o(i.GPIOPadConfigSet) for GPIOPadConfigSet
    gpio.o(i.GPIOPinTypeComparator) refers to gpio.o(i.GPIODirModeSet) for GPIODirModeSet
    gpio.o(i.GPIOPinTypeComparator) refers to gpio.o(i.GPIOPadConfigSet) for GPIOPadConfigSet
    gpio.o(i.GPIOPinTypeEPI) refers to gpio.o(i.GPIODirModeSet) for GPIODirModeSet
    gpio.o(i.GPIOPinTypeEPI) refers to gpio.o(i.GPIOPadConfigSet) for GPIOPadConfigSet
    gpio.o(i.GPIOPinTypeEthernetLED) refers to gpio.o(i.GPIODirModeSet) for GPIODirModeSet
    gpio.o(i.GPIOPinTypeEthernetLED) refers to gpio.o(i.GPIOPadConfigSet) for GPIOPadConfigSet
    gpio.o(i.GPIOPinTypeEthernetMII) refers to gpio.o(i.GPIODirModeSet) for GPIODirModeSet
    gpio.o(i.GPIOPinTypeEthernetMII) refers to gpio.o(i.GPIOPadConfigSet) for GPIOPadConfigSet
    gpio.o(i.GPIOPinTypeFan) refers to gpio.o(i.GPIODirModeSet) for GPIODirModeSet
    gpio.o(i.GPIOPinTypeFan) refers to gpio.o(i.GPIOPadConfigSet) for GPIOPadConfigSet
    gpio.o(i.GPIOPinTypeGPIOInput) refers to gpio.o(i.GPIODirModeSet) for GPIODirModeSet
    gpio.o(i.GPIOPinTypeGPIOInput) refers to gpio.o(i.GPIOPadConfigSet) for GPIOPadConfigSet
    gpio.o(i.GPIOPinTypeGPIOOutput) refers to gpio.o(i.GPIOPadConfigSet) for GPIOPadConfigSet
    gpio.o(i.GPIOPinTypeGPIOOutput) refers to gpio.o(i.GPIODirModeSet) for GPIODirModeSet
    gpio.o(i.GPIOPinTypeGPIOOutputOD) refers to gpio.o(i.GPIOPadConfigSet) for GPIOPadConfigSet
    gpio.o(i.GPIOPinTypeGPIOOutputOD) refers to gpio.o(i.GPIODirModeSet) for GPIODirModeSet
    gpio.o(i.GPIOPinTypeI2C) refers to gpio.o(i.GPIODirModeSet) for GPIODirModeSet
    gpio.o(i.GPIOPinTypeI2C) refers to gpio.o(i.GPIOPadConfigSet) for GPIOPadConfigSet
    gpio.o(i.GPIOPinTypeI2CSCL) refers to gpio.o(i.GPIODirModeSet) for GPIODirModeSet
    gpio.o(i.GPIOPinTypeI2CSCL) refers to gpio.o(i.GPIOPadConfigSet) for GPIOPadConfigSet
    gpio.o(i.GPIOPinTypeLPC) refers to gpio.o(i.GPIODirModeSet) for GPIODirModeSet
    gpio.o(i.GPIOPinTypeLPC) refers to gpio.o(i.GPIOPadConfigSet) for GPIOPadConfigSet
    gpio.o(i.GPIOPinTypePECIRx) refers to gpio.o(i.GPIODirModeSet) for GPIODirModeSet
    gpio.o(i.GPIOPinTypePECIRx) refers to gpio.o(i.GPIOPadConfigSet) for GPIOPadConfigSet
    gpio.o(i.GPIOPinTypePECITx) refers to gpio.o(i.GPIODirModeSet) for GPIODirModeSet
    gpio.o(i.GPIOPinTypePECITx) refers to gpio.o(i.GPIOPadConfigSet) for GPIOPadConfigSet
    gpio.o(i.GPIOPinTypePWM) refers to gpio.o(i.GPIODirModeSet) for GPIODirModeSet
    gpio.o(i.GPIOPinTypePWM) refers to gpio.o(i.GPIOPadConfigSet) for GPIOPadConfigSet
    gpio.o(i.GPIOPinTypeQEI) refers to gpio.o(i.GPIODirModeSet) for GPIODirModeSet
    gpio.o(i.GPIOPinTypeQEI) refers to gpio.o(i.GPIOPadConfigSet) for GPIOPadConfigSet
    gpio.o(i.GPIOPinTypeSSI) refers to gpio.o(i.GPIODirModeSet) for GPIODirModeSet
    gpio.o(i.GPIOPinTypeSSI) refers to gpio.o(i.GPIOPadConfigSet) for GPIOPadConfigSet
    gpio.o(i.GPIOPinTypeTimer) refers to gpio.o(i.GPIODirModeSet) for GPIODirModeSet
    gpio.o(i.GPIOPinTypeTimer) refers to gpio.o(i.GPIOPadConfigSet) for GPIOPadConfigSet
    gpio.o(i.GPIOPinTypeUART) refers to gpio.o(i.GPIODirModeSet) for GPIODirModeSet
    gpio.o(i.GPIOPinTypeUART) refers to gpio.o(i.GPIOPadConfigSet) for GPIOPadConfigSet
    gpio.o(i.GPIOPinTypeUSBAnalog) refers to gpio.o(i.GPIODirModeSet) for GPIODirModeSet
    gpio.o(i.GPIOPinTypeUSBAnalog) refers to gpio.o(i.GPIOPadConfigSet) for GPIOPadConfigSet
    gpio.o(i.GPIOPinTypeUSBDigital) refers to gpio.o(i.GPIODirModeSet) for GPIODirModeSet
    gpio.o(i.GPIOPinTypeUSBDigital) refers to gpio.o(i.GPIOPadConfigSet) for GPIOPadConfigSet
    ssi.o(i.SSIIntRegister) refers to interrupt.o(i.IntRegister) for IntRegister
    ssi.o(i.SSIIntRegister) refers to interrupt.o(i.IntEnable) for IntEnable
    ssi.o(i.SSIIntRegister) refers to ssi.o(.constdata) for .constdata
    ssi.o(i.SSIIntUnregister) refers to interrupt.o(i.IntDisable) for IntDisable
    ssi.o(i.SSIIntUnregister) refers to interrupt.o(i.IntUnregister) for IntUnregister
    ssi.o(i.SSIIntUnregister) refers to ssi.o(.constdata) for .constdata
    sysctl.o(i.SysCtlClockGet) refers to sysctl.o(.constdata) for .constdata
    sysctl.o(i.SysCtlClockSet) refers to sysctl.o(.emb_text) for SysCtlDelay
    sysctl.o(i.SysCtlDeepSleep) refers to cpu.o(.emb_text) for CPUwfi
    sysctl.o(i.SysCtlIntRegister) refers to interrupt.o(i.IntRegister) for IntRegister
    sysctl.o(i.SysCtlIntRegister) refers to interrupt.o(i.IntEnable) for IntEnable
    sysctl.o(i.SysCtlIntUnregister) refers to interrupt.o(i.IntDisable) for IntDisable
    sysctl.o(i.SysCtlIntUnregister) refers to interrupt.o(i.IntUnregister) for IntUnregister
    sysctl.o(i.SysCtlSleep) refers to cpu.o(.emb_text) for CPUwfi
    uart.o(i.UARTIntRegister) refers to interrupt.o(i.IntRegister) for IntRegister
    uart.o(i.UARTIntRegister) refers to interrupt.o(i.IntEnable) for IntEnable
    uart.o(i.UARTIntRegister) refers to uart.o(.constdata) for .constdata
    uart.o(i.UARTIntUnregister) refers to interrupt.o(i.IntDisable) for IntDisable
    uart.o(i.UARTIntUnregister) refers to interrupt.o(i.IntUnregister) for IntUnregister
    uart.o(i.UARTIntUnregister) refers to uart.o(.constdata) for .constdata
    interrupt.o(i.IntDisable) refers to interrupt.o(.constdata) for .constdata
    interrupt.o(i.IntEnable) refers to interrupt.o(.constdata) for .constdata
    interrupt.o(i.IntIsEnabled) refers to interrupt.o(.constdata) for .constdata
    interrupt.o(i.IntMasterDisable) refers to cpu.o(.emb_text) for CPUcpsid
    interrupt.o(i.IntMasterEnable) refers to cpu.o(.emb_text) for CPUcpsie
    interrupt.o(i.IntPendClear) refers to interrupt.o(.constdata) for .constdata
    interrupt.o(i.IntPendSet) refers to interrupt.o(.constdata) for .constdata
    interrupt.o(i.IntPriorityGet) refers to interrupt.o(.constdata) for .constdata
    interrupt.o(i.IntPriorityGroupingGet) refers to interrupt.o(.constdata) for .constdata
    interrupt.o(i.IntPriorityGroupingSet) refers to interrupt.o(.constdata) for .constdata
    interrupt.o(i.IntPriorityMaskGet) refers to cpu.o(.emb_text) for CPUbasepriGet
    interrupt.o(i.IntPriorityMaskSet) refers to cpu.o(.emb_text) for CPUbasepriSet
    interrupt.o(i.IntPrioritySet) refers to interrupt.o(.constdata) for .constdata
    interrupt.o(i.IntRegister) refers to interrupt.o(vtable) for vtable
    interrupt.o(i.IntUnregister) refers to interrupt.o(i._IntDefaultHandler) for _IntDefaultHandler
    interrupt.o(i.IntUnregister) refers to interrupt.o(vtable) for vtable
    entry.o(.ARM.Collect$$$$00000000) refers (Special) to entry10a.o(.ARM.Collect$$$$0000000D) for __rt_final_cpp
    entry.o(.ARM.Collect$$$$00000000) refers (Special) to entry11a.o(.ARM.Collect$$$$0000000F) for __rt_final_exit
    entry.o(.ARM.Collect$$$$00000000) refers (Special) to entry7b.o(.ARM.Collect$$$$00000008) for _main_clock
    entry.o(.ARM.Collect$$$$00000000) refers (Special) to entry8b.o(.ARM.Collect$$$$0000000A) for _main_cpp_init
    entry.o(.ARM.Collect$$$$00000000) refers (Special) to entry9a.o(.ARM.Collect$$$$0000000B) for _main_init
    entry.o(.ARM.Collect$$$$00000000) refers (Special) to entry5.o(.ARM.Collect$$$$00000004) for _main_scatterload
    entry.o(.ARM.Collect$$$$00000000) refers (Special) to entry2.o(.ARM.Collect$$$$00000001) for _main_stk
    entry2.o(.ARM.Collect$$$$00000001) refers to entry2.o(.ARM.Collect$$$$00002712) for __lit__00000000
    entry2.o(.ARM.Collect$$$$00002712) refers to startup_rvmdk.o(STACK) for __initial_sp
    entry2.o(__vectab_stack_and_reset_area) refers to startup_rvmdk.o(STACK) for __initial_sp
    entry2.o(__vectab_stack_and_reset_area) refers to entry.o(.ARM.Collect$$$$00000000) for __main
    entry5.o(.ARM.Collect$$$$00000004) refers to init.o(.text) for __scatterload
    entry9a.o(.ARM.Collect$$$$0000000B) refers to hello.o(i.main) for main
    entry9b.o(.ARM.Collect$$$$0000000C) refers to hello.o(i.main) for main
    init.o(.text) refers to entry5.o(.ARM.Collect$$$$00000004) for __main_after_scatterload


==============================================================================

Removing Unused input sections from the image.

    Removing hello.o(.constdata), (4 bytes).
    Removing hello.o(.constdata), (4 bytes).
    Removing hello.o(.constdata), (4 bytes).
    Removing hello.o(.constdata), (4 bytes).
    Removing hello.o(.constdata), (4 bytes).
    Removing hello.o(.data), (4 bytes).
    Removing hello.o(.data), (4 bytes).
    Removing hello.o(.data), (4 bytes).
    Removing hello.o(.data), (4 bytes).
    Removing hello.o(.data), (4 bytes).
    Removing hello.o(.data), (4 bytes).
    Removing hello.o(.data), (4 bytes).
    Removing hello.o(.data), (3 bytes).
    Removing hello.o(.data), (4 bytes).
    Removing hello.o(.data), (1 bytes).
    Removing hello.o(.data), (4 bytes).
    Removing hello.o(.data), (4 bytes).
    Removing startup_rvmdk.o(HEAP), (0 bytes).
    Removing startup_rvmdk.o(.text), (0 bytes).
    Removing uartstdio.o(i.UARTgetc), (24 bytes).
    Removing uartstdio.o(i.UARTgets), (132 bytes).
    Removing uartstdio.o(i.UARTprintf), (18 bytes).
    Removing uartstdio.o(i.UARTvprintf), (436 bytes).
    Removing uartstdio.o(i.UARTwrite), (60 bytes).
    Removing adafruit_ssd1351.o(i.Color565), (16 bytes).
    Removing adafruit_ssd1351.o(i.abs), (10 bytes).
    Removing adafruit_ssd1351.o(i.delay), (14 bytes).
    Removing adafruit_ssd1351.o(i.drawChar), (196 bytes).
    Removing adafruit_ssd1351.o(i.drawCircle), (270 bytes).
    Removing adafruit_ssd1351.o(i.drawCircleHelper), (228 bytes).
    Removing adafruit_ssd1351.o(i.drawFastHLine), (110 bytes).
    Removing adafruit_ssd1351.o(i.drawLine), (242 bytes).
    Removing adafruit_ssd1351.o(i.drawPixel), (148 bytes).
    Removing adafruit_ssd1351.o(i.drawRect), (70 bytes).
    Removing adafruit_ssd1351.o(i.drawRoundRect), (184 bytes).
    Removing adafruit_ssd1351.o(i.drawTriangle), (76 bytes).
    Removing adafruit_ssd1351.o(i.fillRoundRect), (102 bytes).
    Removing adafruit_ssd1351.o(i.fillTriangle), (410 bytes).
    Removing adafruit_ssd1351.o(i.goTo), (62 bytes).
    Removing adafruit_ssd1351.o(i.height), (12 bytes).
    Removing adafruit_ssd1351.o(i.invert), (12 bytes).
    Removing adafruit_ssd1351.o(i.loop), (2 bytes).
    Removing adafruit_ssd1351.o(i.setCursor), (20 bytes).
    Removing adafruit_ssd1351.o(i.setRotation), (68 bytes).
    Removing adafruit_ssd1351.o(i.setTextColor), (20 bytes).
    Removing adafruit_ssd1351.o(i.setTextSize), (16 bytes).
    Removing adafruit_ssd1351.o(i.spiwrite), (68 bytes).
    Removing adafruit_ssd1351.o(i.swap), (10 bytes).
    Removing adafruit_ssd1351.o(i.testdrawcircles), (68 bytes).
    Removing adafruit_ssd1351.o(i.testdrawrects), (76 bytes).
    Removing adafruit_ssd1351.o(i.testfastlines), (86 bytes).
    Removing adafruit_ssd1351.o(i.testfillcircles), (64 bytes).
    Removing adafruit_ssd1351.o(i.testfillrects), (132 bytes).
    Removing adafruit_ssd1351.o(i.testlines), (358 bytes).
    Removing adafruit_ssd1351.o(i.testroundrects), (82 bytes).
    Removing adafruit_ssd1351.o(i.testtriangles), (88 bytes).
    Removing adafruit_ssd1351.o(i.width), (12 bytes).
    Removing adafruit_ssd1351.o(.constdata), (1275 bytes).
    Removing adafruit_ssd1351.o(.data), (1 bytes).
    Removing adafruit_ssd1351.o(.data), (1 bytes).
    Removing adafruit_ssd1351.o(.data), (1 bytes).
    Removing adafruit_ssd1351.o(.data), (1 bytes).
    Removing adafruit_ssd1351.o(.data), (1 bytes).
    Removing adafruit_ssd1351.o(.data), (20 bytes).
    Removing gpio.o(i.GPIOADCTriggerDisable), (14 bytes).
    Removing gpio.o(i.GPIOADCTriggerEnable), (14 bytes).
    Removing gpio.o(i.GPIODMATriggerDisable), (14 bytes).
    Removing gpio.o(i.GPIODMATriggerEnable), (14 bytes).
    Removing gpio.o(i.GPIODirModeGet), (34 bytes).
    Removing gpio.o(i.GPIOIntDisable), (14 bytes).
    Removing gpio.o(i.GPIOIntRegister), (56 bytes).
    Removing gpio.o(i.GPIOIntStatus), (14 bytes).
    Removing gpio.o(i.GPIOIntTypeGet), (68 bytes).
    Removing gpio.o(i.GPIOIntTypeSet), (80 bytes).
    Removing gpio.o(i.GPIOIntUnregister), (52 bytes).
    Removing gpio.o(i.GPIOPadConfigGet), (140 bytes).
    Removing gpio.o(i.GPIOPinRead), (6 bytes).
    Removing gpio.o(i.GPIOPinTypeADC), (28 bytes).
    Removing gpio.o(i.GPIOPinTypeCAN), (28 bytes).
    Removing gpio.o(i.GPIOPinTypeComparator), (28 bytes).
    Removing gpio.o(i.GPIOPinTypeEPI), (28 bytes).
    Removing gpio.o(i.GPIOPinTypeEthernetLED), (28 bytes).
    Removing gpio.o(i.GPIOPinTypeEthernetMII), (28 bytes).
    Removing gpio.o(i.GPIOPinTypeFan), (28 bytes).
    Removing gpio.o(i.GPIOPinTypeGPIOInput), (28 bytes).
    Removing gpio.o(i.GPIOPinTypeGPIOOutput), (28 bytes).
    Removing gpio.o(i.GPIOPinTypeGPIOOutputOD), (28 bytes).
    Removing gpio.o(i.GPIOPinTypeI2C), (28 bytes).
    Removing gpio.o(i.GPIOPinTypeI2CSCL), (28 bytes).
    Removing gpio.o(i.GPIOPinTypeLPC), (28 bytes).
    Removing gpio.o(i.GPIOPinTypePECIRx), (28 bytes).
    Removing gpio.o(i.GPIOPinTypePECITx), (28 bytes).
    Removing gpio.o(i.GPIOPinTypePWM), (28 bytes).
    Removing gpio.o(i.GPIOPinTypeQEI), (28 bytes).
    Removing gpio.o(i.GPIOPinTypeSSI), (28 bytes).
    Removing gpio.o(i.GPIOPinTypeTimer), (28 bytes).
    Removing gpio.o(i.GPIOPinTypeUSBAnalog), (28 bytes).
    Removing gpio.o(i.GPIOPinTypeUSBDigital), (28 bytes).
    Removing gpio.o(i.GPIOPinWrite), (6 bytes).
    Removing ssi.o(i.SSIClockSourceGet), (6 bytes).
    Removing ssi.o(i.SSIClockSourceSet), (6 bytes).
    Removing ssi.o(i.SSIConfigSetExpClk), (74 bytes).
    Removing ssi.o(i.SSIDMADisable), (10 bytes).
    Removing ssi.o(i.SSIDMAEnable), (8 bytes).
    Removing ssi.o(i.SSIDataGet), (14 bytes).
    Removing ssi.o(i.SSIDataGetNonBlocking), (20 bytes).
    Removing ssi.o(i.SSIDataPutNonBlocking), (16 bytes).
    Removing ssi.o(i.SSIDisable), (10 bytes).
    Removing ssi.o(i.SSIEnable), (10 bytes).
    Removing ssi.o(i.SSIIntClear), (4 bytes).
    Removing ssi.o(i.SSIIntDisable), (10 bytes).
    Removing ssi.o(i.SSIIntEnable), (8 bytes).
    Removing ssi.o(i.SSIIntRegister), (56 bytes).
    Removing ssi.o(i.SSIIntStatus), (10 bytes).
    Removing ssi.o(i.SSIIntUnregister), (52 bytes).
    Removing ssi.o(.constdata), (32 bytes).
    Removing sysctl.o(.emb_text), (6 bytes).
    Removing sysctl.o(i.SysCtlADCSpeedGet), (16 bytes).
    Removing sysctl.o(i.SysCtlADCSpeedSet), (28 bytes).
    Removing sysctl.o(i.SysCtlClockSet), (284 bytes).
    Removing sysctl.o(i.SysCtlDeepSleep), (32 bytes).
    Removing sysctl.o(i.SysCtlDeepSleepClockSet), (12 bytes).
    Removing sysctl.o(i.SysCtlFlashSizeGet), (20 bytes).
    Removing sysctl.o(i.SysCtlGPIOAHBDisable), (28 bytes).
    Removing sysctl.o(i.SysCtlGPIOAHBEnable), (24 bytes).
    Removing sysctl.o(i.SysCtlIntClear), (12 bytes).
    Removing sysctl.o(i.SysCtlIntDisable), (16 bytes).
    Removing sysctl.o(i.SysCtlIntEnable), (16 bytes).
    Removing sysctl.o(i.SysCtlIntRegister), (20 bytes).
    Removing sysctl.o(i.SysCtlIntStatus), (16 bytes).
    Removing sysctl.o(i.SysCtlIntUnregister), (18 bytes).
    Removing sysctl.o(i.SysCtlMOSCConfigSet), (12 bytes).
    Removing sysctl.o(i.SysCtlPIOSCCalibrate), (76 bytes).
    Removing sysctl.o(i.SysCtlPWMClockGet), (24 bytes).
    Removing sysctl.o(i.SysCtlPWMClockSet), (20 bytes).
    Removing sysctl.o(i.SysCtlPeripheralClockGating), (24 bytes).
    Removing sysctl.o(i.SysCtlPeripheralDeepSleepDisable), (40 bytes).
    Removing sysctl.o(i.SysCtlPeripheralDeepSleepEnable), (40 bytes).
    Removing sysctl.o(i.SysCtlPeripheralDisable), (40 bytes).
    Removing sysctl.o(i.SysCtlPeripheralEnable), (40 bytes).
    Removing sysctl.o(i.SysCtlPeripheralPowerOff), (40 bytes).
    Removing sysctl.o(i.SysCtlPeripheralPowerOn), (40 bytes).
    Removing sysctl.o(i.SysCtlPeripheralPresent), (44 bytes).
    Removing sysctl.o(i.SysCtlPeripheralReady), (44 bytes).
    Removing sysctl.o(i.SysCtlPeripheralReset), (60 bytes).
    Removing sysctl.o(i.SysCtlPeripheralSleepDisable), (40 bytes).
    Removing sysctl.o(i.SysCtlPeripheralSleepEnable), (40 bytes).
    Removing sysctl.o(i.SysCtlReset), (16 bytes).
    Removing sysctl.o(i.SysCtlResetCauseClear), (16 bytes).
    Removing sysctl.o(i.SysCtlResetCauseGet), (12 bytes).
    Removing sysctl.o(i.SysCtlSRAMSizeGet), (16 bytes).
    Removing sysctl.o(i.SysCtlSleep), (4 bytes).
    Removing sysctl.o(i.SysCtlUSBPLLDisable), (16 bytes).
    Removing sysctl.o(i.SysCtlUSBPLLEnable), (16 bytes).
    Removing sysctl.o(.data), (4 bytes).
    Removing sysctl.o(.data), (4 bytes).
    Removing sysctl.o(.data), (4 bytes).
    Removing sysctl.o(.data), (4 bytes).
    Removing sysctl.o(.data), (1 bytes).
    Removing uart.o(i.UART9BitAddrSend), (38 bytes).
    Removing uart.o(i.UART9BitAddrSet), (10 bytes).
    Removing uart.o(i.UART9BitDisable), (14 bytes).
    Removing uart.o(i.UART9BitEnable), (14 bytes).
    Removing uart.o(i.UARTBreakCtl), (18 bytes).
    Removing uart.o(i.UARTBusy), (8 bytes).
    Removing uart.o(i.UARTCharGet), (12 bytes).
    Removing uart.o(i.UARTCharGetNonBlocking), (16 bytes).
    Removing uart.o(i.UARTCharPut), (12 bytes).
    Removing uart.o(i.UARTCharPutNonBlocking), (16 bytes).
    Removing uart.o(i.UARTCharsAvail), (10 bytes).
    Removing uart.o(i.UARTClockSourceGet), (6 bytes).
    Removing uart.o(i.UARTConfigGetExpClk), (46 bytes).
    Removing uart.o(i.UARTConfigSetExpClk), (110 bytes).
    Removing uart.o(i.UARTDMADisable), (10 bytes).
    Removing uart.o(i.UARTDMAEnable), (8 bytes).
    Removing uart.o(i.UARTDisable), (30 bytes).
    Removing uart.o(i.UARTDisableSIR), (10 bytes).
    Removing uart.o(i.UARTEnable), (20 bytes).
    Removing uart.o(i.UARTEnableSIR), (18 bytes).
    Removing uart.o(i.UARTFIFODisable), (10 bytes).
    Removing uart.o(i.UARTFIFOEnable), (10 bytes).
    Removing uart.o(i.UARTFIFOLevelGet), (16 bytes).
    Removing uart.o(i.UARTFIFOLevelSet), (6 bytes).
    Removing uart.o(i.UARTFlowControlGet), (8 bytes).
    Removing uart.o(i.UARTFlowControlSet), (12 bytes).
    Removing uart.o(i.UARTIntClear), (4 bytes).
    Removing uart.o(i.UARTIntDisable), (10 bytes).
    Removing uart.o(i.UARTIntEnable), (8 bytes).
    Removing uart.o(i.UARTIntRegister), (56 bytes).
    Removing uart.o(i.UARTIntStatus), (10 bytes).
    Removing uart.o(i.UARTIntUnregister), (52 bytes).
    Removing uart.o(i.UARTModemControlClear), (14 bytes).
    Removing uart.o(i.UARTModemControlGet), (8 bytes).
    Removing uart.o(i.UARTModemControlSet), (12 bytes).
    Removing uart.o(i.UARTModemStatusGet), (10 bytes).
    Removing uart.o(i.UARTParityModeGet), (8 bytes).
    Removing uart.o(i.UARTParityModeSet), (12 bytes).
    Removing uart.o(i.UARTRxErrorClear), (6 bytes).
    Removing uart.o(i.UARTRxErrorGet), (8 bytes).
    Removing uart.o(i.UARTSmartCardDisable), (10 bytes).
    Removing uart.o(i.UARTSmartCardEnable), (22 bytes).
    Removing uart.o(i.UARTSpaceAvail), (10 bytes).
    Removing uart.o(i.UARTTxIntModeGet), (8 bytes).
    Removing uart.o(i.UARTTxIntModeSet), (12 bytes).
    Removing uart.o(.constdata), (64 bytes).
    Removing cpu.o(.emb_text), (38 bytes).
    Removing interrupt.o(i.IntDisable), (100 bytes).
    Removing interrupt.o(i.IntEnable), (100 bytes).
    Removing interrupt.o(i.IntIsEnabled), (96 bytes).
    Removing interrupt.o(i.IntMasterDisable), (14 bytes).
    Removing interrupt.o(i.IntMasterEnable), (14 bytes).
    Removing interrupt.o(i.IntPendClear), (68 bytes).
    Removing interrupt.o(i.IntPendSet), (84 bytes).
    Removing interrupt.o(i.IntPriorityGet), (28 bytes).
    Removing interrupt.o(i.IntPriorityGroupingGet), (36 bytes).
    Removing interrupt.o(i.IntPriorityGroupingSet), (28 bytes).
    Removing interrupt.o(i.IntPriorityMaskGet), (4 bytes).
    Removing interrupt.o(i.IntPriorityMaskSet), (4 bytes).
    Removing interrupt.o(i.IntPrioritySet), (40 bytes).
    Removing interrupt.o(i.IntRegister), (52 bytes).
    Removing interrupt.o(i.IntTrigger), (12 bytes).
    Removing interrupt.o(i.IntUnregister), (20 bytes).
    Removing interrupt.o(i._IntDefaultHandler), (2 bytes).
    Removing interrupt.o(.constdata), (268 bytes).
    Removing interrupt.o(vtable), (620 bytes).

225 unused section(s) (total 10571 bytes) removed from the image.

==============================================================================

Image Symbol Table

    Local Symbols

    Symbol Name                              Value     Ov Type        Size  Object(Section)

    RESET                                    0x00000000   Section      648  startup_rvmdk.o(RESET)
    ../clib/microlib/init/entry.s            0x00000000   Number         0  entry11a.o ABSOLUTE
    ../clib/microlib/init/entry.s            0x00000000   Number         0  entry8b.o ABSOLUTE
    ../clib/microlib/init/entry.s            0x00000000   Number         0  entry8a.o ABSOLUTE
    ../clib/microlib/init/entry.s            0x00000000   Number         0  entry7b.o ABSOLUTE
    ../clib/microlib/init/entry.s            0x00000000   Number         0  entry2.o ABSOLUTE
    ../clib/microlib/init/entry.s            0x00000000   Number         0  entry7a.o ABSOLUTE
    ../clib/microlib/init/entry.s            0x00000000   Number         0  entry11b.o ABSOLUTE
    ../clib/microlib/init/entry.s            0x00000000   Number         0  entry.o ABSOLUTE
    ../clib/microlib/init/entry.s            0x00000000   Number         0  entry5.o ABSOLUTE
    ../clib/microlib/init/entry.s            0x00000000   Number         0  entry10b.o ABSOLUTE
    ../clib/microlib/init/entry.s            0x00000000   Number         0  entry10a.o ABSOLUTE
    ../clib/microlib/init/entry.s            0x00000000   Number         0  entry9b.o ABSOLUTE
    ../clib/microlib/init/entry.s            0x00000000   Number         0  entry9a.o ABSOLUTE
    Adafruit_SSD1351.c                       0x00000000   Number         0  adafruit_ssd1351.o ABSOLUTE
    C:\ti\TivaWare_C_Series-1.1\utils\uartstdio.c 0x00000000   Number         0  uartstdio.o ABSOLUTE
    cpu.c                                    0x00000000   Number         0  cpu.o ABSOLUTE
    cpu.c                                    0x00000000   Number         0  cpu.o ABSOLUTE
    dc.s                                     0x00000000   Number         0  dc.o ABSOLUTE
    gpio.c                                   0x00000000   Number         0  gpio.o ABSOLUTE
    handlers.s                               0x00000000   Number         0  handlers.o ABSOLUTE
    hello.c                                  0x00000000   Number         0  hello.o ABSOLUTE
    init.s                                   0x00000000   Number         0  init.o ABSOLUTE
    interrupt.c                              0x00000000   Number         0  interrupt.o ABSOLUTE
    ssi.c                                    0x00000000   Number         0  ssi.o ABSOLUTE
    startup_rvmdk.S                          0x00000000   Number         0  startup_rvmdk.o ABSOLUTE
    sysctl.c                                 0x00000000   Number         0  sysctl.o ABSOLUTE
    sysctl.c                                 0x00000000   Number         0  sysctl.o ABSOLUTE
    uart.c                                   0x00000000   Number         0  uart.o ABSOLUTE
    $v0                                      0x0000026c   Number         0  startup_rvmdk.o(RESET)
    NmiSR                                    0x00000281   Thumb Code     0  startup_rvmdk.o(RESET)
    FaultISR                                 0x00000283   Thumb Code     0  startup_rvmdk.o(RESET)
    IntDefaultHandler                        0x00000285   Thumb Code     0  startup_rvmdk.o(RESET)
    .ARM.Collect$$$$00000000                 0x00000288   Section        0  entry.o(.ARM.Collect$$$$00000000)
    .ARM.Collect$$$$00000001                 0x00000288   Section        4  entry2.o(.ARM.Collect$$$$00000001)
    .ARM.Collect$$$$00000004                 0x0000028c   Section        4  entry5.o(.ARM.Collect$$$$00000004)
    .ARM.Collect$$$$00000008                 0x00000290   Section        0  entry7b.o(.ARM.Collect$$$$00000008)
    .ARM.Collect$$$$0000000A                 0x00000290   Section        0  entry8b.o(.ARM.Collect$$$$0000000A)
    .ARM.Collect$$$$0000000B                 0x00000290   Section        8  entry9a.o(.ARM.Collect$$$$0000000B)
    .ARM.Collect$$$$0000000D                 0x00000298   Section        0  entry10a.o(.ARM.Collect$$$$0000000D)
    .ARM.Collect$$$$0000000F                 0x00000298   Section        0  entry11a.o(.ARM.Collect$$$$0000000F)
    .ARM.Collect$$$$00002712                 0x00000298   Section        4  entry2.o(.ARM.Collect$$$$00002712)
    __lit__00000000                          0x00000298   Data           4  entry2.o(.ARM.Collect$$$$00002712)
    .text                                    0x0000029c   Section       36  init.o(.text)
    i.Adafruit_SSD1351_Init                  0x000002c0   Section        0  adafruit_ssd1351.o(i.Adafruit_SSD1351_Init)
    i.ConfigureUART1                         0x00000324   Section        0  hello.o(i.ConfigureUART1)
    i.GPIODirModeSet                         0x00000390   Section        0  gpio.o(i.GPIODirModeSet)
    i.GPIOIntClear                           0x000003b8   Section        0  gpio.o(i.GPIOIntClear)
    i.GPIOIntEnable                          0x000003be   Section        0  gpio.o(i.GPIOIntEnable)
    i.GPIOPadConfigSet                       0x000003cc   Section        0  gpio.o(i.GPIOPadConfigSet)
    i.GPIOPinConfigure                       0x0000047c   Section        0  gpio.o(i.GPIOPinConfigure)
    i.GPIOPinTypeUART                        0x000004c4   Section        0  gpio.o(i.GPIOPinTypeUART)
    i.IR_HANDLER                             0x000004e0   Section        0  hello.o(i.IR_HANDLER)
    i.InitConsole                            0x00000608   Section        0  hello.o(i.InitConsole)
    i.Outstr_UART1                           0x00000664   Section        0  hello.o(i.Outstr_UART1)
    i.SSIBusy                                0x00000688   Section        0  ssi.o(i.SSIBusy)
    i.SSIDataPut                             0x00000690   Section        0  ssi.o(i.SSIDataPut)
    i.SYS_TICK_IR_HANDLER                    0x0000069c   Section        0  hello.o(i.SYS_TICK_IR_HANDLER)
    i.SysCtlClockGet                         0x000006ac   Section        0  sysctl.o(i.SysCtlClockGet)
    i.UART1IntHandler                        0x000007b8   Section        0  hello.o(i.UART1IntHandler)
    i.UARTClockSourceSet                     0x000007e8   Section        0  uart.o(i.UARTClockSourceSet)
    i.UARTStdioConfig                        0x000007f0   Section        0  uartstdio.o(i.UARTStdioConfig)
    i.__scatterload_copy                     0x0000084c   Section       14  handlers.o(i.__scatterload_copy)
    i.__scatterload_null                     0x0000085a   Section        2  handlers.o(i.__scatterload_null)
    i.__scatterload_zeroinit                 0x0000085c   Section       14  handlers.o(i.__scatterload_zeroinit)
    i.begin                                  0x0000086a   Section        0  adafruit_ssd1351.o(i.begin)
    i.drawFastVLine                          0x00000972   Section        0  adafruit_ssd1351.o(i.drawFastVLine)
    i.drawFillRect                           0x000009e0   Section        0  adafruit_ssd1351.o(i.drawFillRect)
    i.fillCircle                             0x00000a64   Section        0  adafruit_ssd1351.o(i.fillCircle)
    i.fillCircleHelper                       0x00000a98   Section        0  adafruit_ssd1351.o(i.fillCircleHelper)
    i.fillRect                               0x00000b5c   Section        0  adafruit_ssd1351.o(i.fillRect)
    i.fillScreen                             0x00000bf0   Section        0  adafruit_ssd1351.o(i.fillScreen)
    i.getRotation                            0x00000c04   Section        0  adafruit_ssd1351.o(i.getRotation)
    i.main                                   0x00000c20   Section        0  hello.o(i.main)
    i.reset                                  0x00000e60   Section        0  adafruit_ssd1351.o(i.reset)
    i.writeCommand                           0x00000e90   Section        0  adafruit_ssd1351.o(i.writeCommand)
    i.writeData                              0x00000ecc   Section        0  adafruit_ssd1351.o(i.writeData)
    .constdata                               0x00000ef4   Section       28  uartstdio.o(.constdata)
    g_pcHex                                  0x00000ef4   Data           4  uartstdio.o(.constdata)
    g_ui32UARTBase                           0x00000ef8   Data          12  uartstdio.o(.constdata)
    g_ui32UARTPeriph                         0x00000f04   Data          12  uartstdio.o(.constdata)
    .constdata                               0x00000f10   Section      312  gpio.o(.constdata)
    g_ppui32GPIOIntMapBlizzard               0x00000f10   Data         192  gpio.o(.constdata)
    g_pui32GPIOBaseAddrs                     0x00000fd0   Data         120  gpio.o(.constdata)
    .constdata                               0x00001048   Section      108  sysctl.o(.constdata)
    g_pui32Xtals                             0x00001048   Data         108  sysctl.o(.constdata)
    .conststring                             0x000010b4   Section       17  uartstdio.o(.conststring)
    .data                                    0x20000000   Section       52  hello.o(.data)
    .data                                    0x20000034   Section        4  hello.o(.data)
    .data                                    0x20000038   Section        4  hello.o(.data)
    .data                                    0x2000003c   Section        4  hello.o(.data)
    .data                                    0x20000040   Section        4  hello.o(.data)
    .data                                    0x20000044   Section        4  hello.o(.data)
    .data                                    0x20000048   Section        4  hello.o(.data)
    .data                                    0x2000004c   Section        4  hello.o(.data)
    .data                                    0x20000050   Section        4  hello.o(.data)
    .data                                    0x20000054   Section        4  hello.o(.data)
    .data                                    0x20000058   Section        4  hello.o(.data)
    .data                                    0x2000005c   Section        4  hello.o(.data)
    .data                                    0x20000060   Section        8  uartstdio.o(.data)
    bLastWasCR                               0x20000060   Data           1  uartstdio.o(.data)
    g_ui32Base                               0x20000064   Data           4  uartstdio.o(.data)
    STACK                                    0x20000068   Section      512  startup_rvmdk.o(STACK)
    StackMem                                 0x20000068   Data           0  startup_rvmdk.o(STACK)

    Global Symbols

    Symbol Name                              Value     Ov Type        Size  Object(Section)

    BuildAttributes$$THM_ISAv4$E$P$D$K$B$S$7EM$VFPi3$EXTD16$VFPS$VFMA$PE$A:L22UL41UL21$X:L11$S22US41US21$IEEE1$IW$USESV6$~STKCKD$USESV7$~SHL$OTIME$EBA8$MICROLIB$REQ8$PRES8$EABIv2 0x00000000   Number         0  anon$$obj.o ABSOLUTE
    __ARM_use_no_argv                        0x00000000   Number         0  hello.o ABSOLUTE
    __Vectors                                0x00000000   Data           0  startup_rvmdk.o(RESET)
    __cpp_initialize__aeabi_                  - Undefined Weak Reference
    __cxa_finalize                            - Undefined Weak Reference
    __decompress                              - Undefined Weak Reference
    _clock_init                               - Undefined Weak Reference
    _microlib_exit                            - Undefined Weak Reference
    Reset_Handler                            0x0000026d   Thumb Code     0  startup_rvmdk.o(RESET)
    __main                                   0x00000289   Thumb Code     0  entry.o(.ARM.Collect$$$$00000000)
    _main_stk                                0x00000289   Thumb Code     0  entry2.o(.ARM.Collect$$$$00000001)
    _main_scatterload                        0x0000028d   Thumb Code     0  entry5.o(.ARM.Collect$$$$00000004)
    __main_after_scatterload                 0x00000291   Thumb Code     0  entry5.o(.ARM.Collect$$$$00000004)
    _main_clock                              0x00000291   Thumb Code     0  entry7b.o(.ARM.Collect$$$$00000008)
    _main_cpp_init                           0x00000291   Thumb Code     0  entry8b.o(.ARM.Collect$$$$0000000A)
    _main_init                               0x00000291   Thumb Code     0  entry9a.o(.ARM.Collect$$$$0000000B)
    __rt_final_cpp                           0x00000299   Thumb Code     0  entry10a.o(.ARM.Collect$$$$0000000D)
    __rt_final_exit                          0x00000299   Thumb Code     0  entry11a.o(.ARM.Collect$$$$0000000F)
    __scatterload                            0x0000029d   Thumb Code    28  init.o(.text)
    __scatterload_rt2                        0x0000029d   Thumb Code     0  init.o(.text)
    Adafruit_SSD1351_Init                    0x000002c1   Thumb Code    54  adafruit_ssd1351.o(i.Adafruit_SSD1351_Init)
    ConfigureUART1                           0x00000325   Thumb Code    82  hello.o(i.ConfigureUART1)
    GPIODirModeSet                           0x00000391   Thumb Code    40  gpio.o(i.GPIODirModeSet)
    GPIOIntClear                             0x000003b9   Thumb Code     6  gpio.o(i.GPIOIntClear)
    GPIOIntEnable                            0x000003bf   Thumb Code    14  gpio.o(i.GPIOIntEnable)
    GPIOPadConfigSet                         0x000003cd   Thumb Code   176  gpio.o(i.GPIOPadConfigSet)
    GPIOPinConfigure                         0x0000047d   Thumb Code    64  gpio.o(i.GPIOPinConfigure)
    GPIOPinTypeUART                          0x000004c5   Thumb Code    28  gpio.o(i.GPIOPinTypeUART)
    IR_HANDLER                               0x000004e1   Thumb Code   274  hello.o(i.IR_HANDLER)
    InitConsole                              0x00000609   Thumb Code    74  hello.o(i.InitConsole)
    Outstr_UART1                             0x00000665   Thumb Code    30  hello.o(i.Outstr_UART1)
    SSIBusy                                  0x00000689   Thumb Code     8  ssi.o(i.SSIBusy)
    SSIDataPut                               0x00000691   Thumb Code    12  ssi.o(i.SSIDataPut)
    SYS_TICK_IR_HANDLER                      0x0000069d   Thumb Code    10  hello.o(i.SYS_TICK_IR_HANDLER)
    SysCtlClockGet                           0x000006ad   Thumb Code   250  sysctl.o(i.SysCtlClockGet)
    UART1IntHandler                          0x000007b9   Thumb Code    42  hello.o(i.UART1IntHandler)
    UARTClockSourceSet                       0x000007e9   Thumb Code     6  uart.o(i.UARTClockSourceSet)
    UARTStdioConfig                          0x000007f1   Thumb Code    82  uartstdio.o(i.UARTStdioConfig)
    __scatterload_copy                       0x0000084d   Thumb Code    14  handlers.o(i.__scatterload_copy)
    __scatterload_null                       0x0000085b   Thumb Code     2  handlers.o(i.__scatterload_null)
    __scatterload_zeroinit                   0x0000085d   Thumb Code    14  handlers.o(i.__scatterload_zeroinit)
    begin                                    0x0000086b   Thumb Code   264  adafruit_ssd1351.o(i.begin)
    drawFastVLine                            0x00000973   Thumb Code   110  adafruit_ssd1351.o(i.drawFastVLine)
    drawFillRect                             0x000009e1   Thumb Code   132  adafruit_ssd1351.o(i.drawFillRect)
    fillCircle                               0x00000a65   Thumb Code    52  adafruit_ssd1351.o(i.fillCircle)
    fillCircleHelper                         0x00000a99   Thumb Code   194  adafruit_ssd1351.o(i.fillCircleHelper)
    fillRect                                 0x00000b5d   Thumb Code   140  adafruit_ssd1351.o(i.fillRect)
    fillScreen                               0x00000bf1   Thumb Code    18  adafruit_ssd1351.o(i.fillScreen)
    getRotation                              0x00000c05   Thumb Code    22  adafruit_ssd1351.o(i.getRotation)
    main                                     0x00000c21   Thumb Code   532  hello.o(i.main)
    reset                                    0x00000e61   Thumb Code    44  adafruit_ssd1351.o(i.reset)
    writeCommand                             0x00000e91   Thumb Code    52  adafruit_ssd1351.o(i.writeCommand)
    writeData                                0x00000ecd   Thumb Code    32  adafruit_ssd1351.o(i.writeData)
    Region$$Table$$Base                      0x000010c8   Number         0  anon$$obj.o(Region$$Table)
    Region$$Table$$Limit                     0x000010e8   Number         0  anon$$obj.o(Region$$Table)
    iTick                                    0x20000000   Data           4  hello.o(.data)
    TIME                                     0x20000004   Data           4  hello.o(.data)
    signal1                                  0x20000008   Data           4  hello.o(.data)
    COUNT                                    0x2000000c   Data           4  hello.o(.data)
    k                                        0x20000010   Data           4  hello.o(.data)
    y                                        0x20000014   Data           4  hello.o(.data)
    x                                        0x20000018   Data           4  hello.o(.data)
    z                                        0x2000001c   Data           4  hello.o(.data)
    dx                                       0x20000020   Data           4  hello.o(.data)
    dy                                       0x20000024   Data           4  hello.o(.data)
    dz                                       0x20000028   Data           4  hello.o(.data)
    array                                    0x2000002c   Data           4  hello.o(.data)
    flag                                     0x20000030   Data           4  hello.o(.data)
    WIDTH                                    0x20000034   Data           4  hello.o(.data)
    HEIGHT                                   0x20000038   Data           4  hello.o(.data)
    _width                                   0x2000003c   Data           4  hello.o(.data)
    _height                                  0x20000040   Data           4  hello.o(.data)
    rotation                                 0x20000044   Data           4  hello.o(.data)
    cursor_y                                 0x20000048   Data           4  hello.o(.data)
    cursor_x                                 0x2000004c   Data           4  hello.o(.data)
    textsize                                 0x20000050   Data           4  hello.o(.data)
    textcolor                                0x20000054   Data           4  hello.o(.data)
    textbgcolor                              0x20000058   Data           4  hello.o(.data)
    wrap                                     0x2000005c   Data           4  hello.o(.data)
    __initial_sp                             0x20000268   Data           0  startup_rvmdk.o(STACK)



==============================================================================

Memory Map of the image

  Image Entry point : 0x0000026d

  Load Region LR_IROM (Base: 0x00000000, Size: 0x00001150, Max: 0x00040000, ABSOLUTE)

    Execution Region ER_IROM (Base: 0x00000000, Size: 0x000010e8, Max: 0x00040000, ABSOLUTE)

    Base Addr    Size         Type   Attr      Idx    E Section Name        Object

    0x00000000   0x00000288   Code   RO          141  * RESET               startup_rvmdk.o
    0x00000288   0x00000000   Code   RO         1556  * .ARM.Collect$$$$00000000  mc_w.l(entry.o)
    0x00000288   0x00000004   Code   RO         1559    .ARM.Collect$$$$00000001  mc_w.l(entry2.o)
    0x0000028c   0x00000004   Code   RO         1562    .ARM.Collect$$$$00000004  mc_w.l(entry5.o)
    0x00000290   0x00000000   Code   RO         1564    .ARM.Collect$$$$00000008  mc_w.l(entry7b.o)
    0x00000290   0x00000000   Code   RO         1566    .ARM.Collect$$$$0000000A  mc_w.l(entry8b.o)
    0x00000290   0x00000008   Code   RO         1567    .ARM.Collect$$$$0000000B  mc_w.l(entry9a.o)
    0x00000298   0x00000000   Code   RO         1569    .ARM.Collect$$$$0000000D  mc_w.l(entry10a.o)
    0x00000298   0x00000000   Code   RO         1571    .ARM.Collect$$$$0000000F  mc_w.l(entry11a.o)
    0x00000298   0x00000004   Code   RO         1560    .ARM.Collect$$$$00002712  mc_w.l(entry2.o)
    0x0000029c   0x00000024   Code   RO         1573    .text               mc_w.l(init.o)
    0x000002c0   0x00000064   Code   RO          201    i.Adafruit_SSD1351_Init  adafruit_ssd1351.o
    0x00000324   0x0000006c   Code   RO            1    i.ConfigureUART1    hello.o
    0x00000390   0x00000028   Code   RO          488    i.GPIODirModeSet    driverlib.lib(gpio.o)
    0x000003b8   0x00000006   Code   RO          489    i.GPIOIntClear      driverlib.lib(gpio.o)
    0x000003be   0x0000000e   Code   RO          491    i.GPIOIntEnable     driverlib.lib(gpio.o)
    0x000003cc   0x000000b0   Code   RO          498    i.GPIOPadConfigSet  driverlib.lib(gpio.o)
    0x0000047c   0x00000048   Code   RO          499    i.GPIOPinConfigure  driverlib.lib(gpio.o)
    0x000004c4   0x0000001c   Code   RO          520    i.GPIOPinTypeUART   driverlib.lib(gpio.o)
    0x000004e0   0x00000128   Code   RO            2    i.IR_HANDLER        hello.o
    0x00000608   0x0000005c   Code   RO            3    i.InitConsole       hello.o
    0x00000664   0x00000024   Code   RO            4    i.Outstr_UART1      hello.o
    0x00000688   0x00000008   Code   RO          767    i.SSIBusy           driverlib.lib(ssi.o)
    0x00000690   0x0000000c   Code   RO          775    i.SSIDataPut        driverlib.lib(ssi.o)
    0x0000069c   0x00000010   Code   RO            5    i.SYS_TICK_IR_HANDLER  hello.o
    0x000006ac   0x0000010c   Code   RO          892    i.SysCtlClockGet    driverlib.lib(sysctl.o)
    0x000007b8   0x00000030   Code   RO            6    i.UART1IntHandler   hello.o
    0x000007e8   0x00000006   Code   RO         1159    i.UARTClockSourceSet  driverlib.lib(uart.o)
    0x000007ee   0x00000002   PAD
    0x000007f0   0x0000005c   Code   RO          146    i.UARTStdioConfig   uartstdio.o
    0x0000084c   0x0000000e   Code   RO         1577    i.__scatterload_copy  mc_w.l(handlers.o)
    0x0000085a   0x00000002   Code   RO         1578    i.__scatterload_null  mc_w.l(handlers.o)
    0x0000085c   0x0000000e   Code   RO         1579    i.__scatterload_zeroinit  mc_w.l(handlers.o)
    0x0000086a   0x00000108   Code   RO          204    i.begin             adafruit_ssd1351.o
    0x00000972   0x0000006e   Code   RO          210    i.drawFastVLine     adafruit_ssd1351.o
    0x000009e0   0x00000084   Code   RO          211    i.drawFillRect      adafruit_ssd1351.o
    0x00000a64   0x00000034   Code   RO          217    i.fillCircle        adafruit_ssd1351.o
    0x00000a98   0x000000c2   Code   RO          218    i.fillCircleHelper  adafruit_ssd1351.o
    0x00000b5a   0x00000002   PAD
    0x00000b5c   0x00000094   Code   RO          219    i.fillRect          adafruit_ssd1351.o
    0x00000bf0   0x00000012   Code   RO          221    i.fillScreen        adafruit_ssd1351.o
    0x00000c02   0x00000002   PAD
    0x00000c04   0x0000001c   Code   RO          223    i.getRotation       adafruit_ssd1351.o
    0x00000c20   0x00000240   Code   RO            7    i.main              hello.o
    0x00000e60   0x00000030   Code   RO          228    i.reset             adafruit_ssd1351.o
    0x00000e90   0x0000003c   Code   RO          244    i.writeCommand      adafruit_ssd1351.o
    0x00000ecc   0x00000028   Code   RO          245    i.writeData         adafruit_ssd1351.o
    0x00000ef4   0x0000001c   Data   RO          152    .constdata          uartstdio.o
    0x00000f10   0x00000138   Data   RO          524    .constdata          driverlib.lib(gpio.o)
    0x00001048   0x0000006c   Data   RO          928    .constdata          driverlib.lib(sysctl.o)
    0x000010b4   0x00000011   Data   RO          153    .conststring        uartstdio.o
    0x000010c5   0x00000003   PAD
    0x000010c8   0x00000020   Data   RO         1575    Region$$Table       anon$$obj.o


    Execution Region RW_IRAM (Base: 0x20000000, Size: 0x00000268, Max: 0x00008000, ABSOLUTE)

    Base Addr    Size         Type   Attr      Idx    E Section Name        Object

    0x20000000   0x00000034   Data   RW           13    .data               hello.o
    0x20000034   0x00000004   Data   RW           21    .data               hello.o
    0x20000038   0x00000004   Data   RW           22    .data               hello.o
    0x2000003c   0x00000004   Data   RW           23    .data               hello.o
    0x20000040   0x00000004   Data   RW           24    .data               hello.o
    0x20000044   0x00000004   Data   RW           25    .data               hello.o
    0x20000048   0x00000004   Data   RW           26    .data               hello.o
    0x2000004c   0x00000004   Data   RW           27    .data               hello.o
    0x20000050   0x00000004   Data   RW           28    .data               hello.o
    0x20000054   0x00000004   Data   RW           29    .data               hello.o
    0x20000058   0x00000004   Data   RW           30    .data               hello.o
    0x2000005c   0x00000004   Data   RW           31    .data               hello.o
    0x20000060   0x00000008   Data   RW          154    .data               uartstdio.o
    0x20000068   0x00000200   Zero   RW          139    STACK               startup_rvmdk.o


==============================================================================

Image component sizes


      Code (inc. data)   RO Data    RW Data    ZI Data      Debug   Object Name

      1194         80          0          0          0       7809   adafruit_ssd1351.o
      1172        128          0         96          0      10345   hello.o
       648        622          0          0        512        260   startup_rvmdk.o
        92         10         45          8          0       2201   uartstdio.o

    ----------------------------------------------------------------------
      3110        840         80        104        512      20615   Object Totals
         0          0         32          0          0          0   (incl. Generated)
         4          0          3          0          0          0   (incl. Padding)

    ----------------------------------------------------------------------

      Code (inc. data)   RO Data    RW Data    ZI Data      Debug   Library Member Name

       336          8        312          0          0       6488   gpio.o
        20          0          0          0          0        835   ssi.o
       268         18        108          0          0       1972   sysctl.o
         6          0          0          0          0        433   uart.o
         0          0          0          0          0          0   entry.o
         0          0          0          0          0          0   entry10a.o
         0          0          0          0          0          0   entry11a.o
         8          4          0          0          0          0   entry2.o
         4          0          0          0          0          0   entry5.o
         0          0          0          0          0          0   entry7b.o
         0          0          0          0          0          0   entry8b.o
         8          4          0          0          0          0   entry9a.o
        30          0          0          0          0          0   handlers.o
        36          8          0          0          0         68   init.o

    ----------------------------------------------------------------------
       718         42        420          0          0       9796   Library Totals
         2          0          0          0          0          0   (incl. Padding)

    ----------------------------------------------------------------------

      Code (inc. data)   RO Data    RW Data    ZI Data      Debug   Library Name

       630         26        420          0          0       9728   driverlib.lib
        86         16          0          0          0         68   mc_w.l

    ----------------------------------------------------------------------
       718         42        420          0          0       9796   Library Totals

    ----------------------------------------------------------------------

==============================================================================


      Code (inc. data)   RO Data    RW Data    ZI Data      Debug   

      3828        882        500        104        512      28215   Grand Totals
      3828        882        500        104        512      28215   ELF Image Totals
      3828        882        500        104          0          0   ROM Totals

==============================================================================

    Total RO  Size (Code + RO Data)                 4328 (   4.23kB)
    Total RW  Size (RW Data + ZI Data)               616 (   0.60kB)
    Total ROM Size (Code + RO Data + RW Data)       4432 (   4.33kB)

==============================================================================

