<html>
<body>
<pre>
<h1>µVision Build Log</h1>
<h2>Tool Versions:</h2>
IDE-Version: µVision V5.13.0.0
Copyright (C) 2014 ARM Ltd and ARM Germany GmbH. All rights reserved.
License Information: Stanley Chen, UC Davis, LIC=----
 
Tool Versions:
Toolchain:       MDK-Lite  Version: 5.13.0.0
Toolchain Path:  C:\Keil_v5\ARM\ARMCC\Bin
C Compiler:      Armcc.exe V5.05 update 1 (build 106)
Assembler:       Armasm.exe V5.05 update 1 (build 106)
Linker/Locator:  ArmLink.exe V5.05 update 1 (build 106)
Library Manager: ArmAr.exe V5.05 update 1 (build 106)
Hex Converter:   FromElf.exe V5.05 update 1 (build 106)
CPU DLL:         SARMCM3.DLL V5.13.0.0
Dialog DLL:      DCM.DLL V1.13.1.0
Target DLL:      lmidk-agdi.dll V???
Dialog DLL:      TCM.DLL V1.14.4.0
 
<h2>Project:</h2>
C:\Users\syferR\Documents\hello\hello.uvproj
Project File Date:  02/06/2015

<h2>Output:</h2>
Rebuild target 'hello'
compiling hello.c...
hello.c(312): warning:  #111-D: statement is unreachable
      return(0);
hello.c: 1 warning, 0 errors
assembling startup_rvmdk.S...
compiling uartstdio.c...
compiling Adafruit_SSD1351.c...
Adafruit_SSD1351.c(108): warning:  #186-D: pointless comparison of unsigned integer with zero
      for (i=7; i>=0; i--) {
Adafruit_SSD1351.c(319): warning:  #186-D: pointless comparison of unsigned integer with zero
    if ((x < 0) || (y < 0)) return;
Adafruit_SSD1351.c(319): warning:  #186-D: pointless comparison of unsigned integer with zero
    if ((x < 0) || (y < 0)) return;
Adafruit_SSD1351.c: 3 warnings, 0 errors
linking...
Program Size: Code=3828 RO-data=500 RW-data=104 ZI-data=512  
After Build - User command #1: fromelf --bin --output .\rvmdk\hello.bin .\rvmdk\hello.axf
".\rvmdk\hello.axf" - 0 Error(s), 4 Warning(s).
</pre>
</body>
</html>
