<!doctype html public "-//w3c//dtd html 4.0 transitional//en">
<html><head>
<title>Static Call Graph - [.\rvmdk\hello.axf]</title></head>
<body><HR>
<H1>Static Call Graph for image .\rvmdk\hello.axf</H1><HR>
<BR><P>#&#060CALLGRAPH&#062# ARM Linker, 5050106: Last Updated: Fri Feb 27 15:46:01 2015
<BR><P>
<H3>Maximum Stack Usage =        144 bytes + Unknown(Functions without stacksize, Cycles, Untraceable Function Pointers)</H3><H3>
Call chain for Maximum Stack Depth:</H3>
main &rArr; fillCircle &rArr; fillCircleHelper &rArr; drawFastVLine &rArr; writeCommand
<P>
<H3>
Functions with no stack information
</H3><UL>
 <LI><a href="#[8]">Reset_Handler</a>
 <LI><a href="#[1]">NmiSR</a>
 <LI><a href="#[2]">FaultISR</a>
 <LI><a href="#[3]">IntDefaultHandler</a>
</UL>
</UL>
<P>
<H3>
Mutually Recursive functions
</H3> <LI><a href="#[17]">SSIDataPut</a>&nbsp;&nbsp;&nbsp;&rArr;&nbsp;&nbsp;&nbsp;<a href="#[17]">SSIDataPut</a><BR>
 <LI><a href="#[1]">NmiSR</a>&nbsp;&nbsp;&nbsp;&rArr;&nbsp;&nbsp;&nbsp;<a href="#[1]">NmiSR</a><BR>
 <LI><a href="#[2]">FaultISR</a>&nbsp;&nbsp;&nbsp;&rArr;&nbsp;&nbsp;&nbsp;<a href="#[2]">FaultISR</a><BR>
 <LI><a href="#[3]">IntDefaultHandler</a>&nbsp;&nbsp;&nbsp;&rArr;&nbsp;&nbsp;&nbsp;<a href="#[3]">IntDefaultHandler</a><BR>
</UL>
<P>
<H3>
Function Pointers
</H3><UL>
 <LI><a href="#[2]">FaultISR</a> from startup_rvmdk.o(RESET) referenced from startup_rvmdk.o(RESET)
 <LI><a href="#[5]">IR_HANDLER</a> from hello.o(i.IR_HANDLER) referenced from startup_rvmdk.o(RESET)
 <LI><a href="#[3]">IntDefaultHandler</a> from startup_rvmdk.o(RESET) referenced 112 times from startup_rvmdk.o(RESET)
 <LI><a href="#[1]">NmiSR</a> from startup_rvmdk.o(RESET) referenced from startup_rvmdk.o(RESET)
 <LI><a href="#[8]">Reset_Handler</a> from startup_rvmdk.o(RESET) referenced from startup_rvmdk.o(RESET)
 <LI><a href="#[4]">SYS_TICK_IR_HANDLER</a> from hello.o(i.SYS_TICK_IR_HANDLER) referenced from startup_rvmdk.o(RESET)
 <LI><a href="#[6]">UART1IntHandler</a> from hello.o(i.UART1IntHandler) referenced from startup_rvmdk.o(RESET)
 <LI><a href="#[7]">main</a> from hello.o(i.main) referenced from entry9a.o(.ARM.Collect$$$$0000000B)
</UL>
<P>
<H3>
Global Symbols
</H3>
<P><STRONG><a name="[8]"></a>Reset_Handler</STRONG> (Thumb, 0 bytes, Stack size unknown bytes, startup_rvmdk.o(RESET))
<BR><BR>[Calls]<UL><LI><a href="#[9]">&gt;&gt;</a>&nbsp;&nbsp;&nbsp;__main
</UL>

<P><STRONG><a name="[9]"></a>__main</STRONG> (Thumb, 0 bytes, Stack size unknown bytes, entry.o(.ARM.Collect$$$$00000000))
<BR><BR>[Called By]<UL><LI><a href="#[8]">&gt;&gt;</a>&nbsp;&nbsp;&nbsp;Reset_Handler
</UL>

<P><STRONG><a name="[27]"></a>_main_stk</STRONG> (Thumb, 0 bytes, Stack size unknown bytes, entry2.o(.ARM.Collect$$$$00000001))

<P><STRONG><a name="[a]"></a>_main_scatterload</STRONG> (Thumb, 0 bytes, Stack size unknown bytes, entry5.o(.ARM.Collect$$$$00000004))
<BR><BR>[Calls]<UL><LI><a href="#[b]">&gt;&gt;</a>&nbsp;&nbsp;&nbsp;__scatterload
</UL>

<P><STRONG><a name="[c]"></a>__main_after_scatterload</STRONG> (Thumb, 0 bytes, Stack size unknown bytes, entry5.o(.ARM.Collect$$$$00000004))
<BR><BR>[Called By]<UL><LI><a href="#[b]">&gt;&gt;</a>&nbsp;&nbsp;&nbsp;__scatterload
</UL>

<P><STRONG><a name="[28]"></a>_main_clock</STRONG> (Thumb, 0 bytes, Stack size unknown bytes, entry7b.o(.ARM.Collect$$$$00000008))

<P><STRONG><a name="[29]"></a>_main_cpp_init</STRONG> (Thumb, 0 bytes, Stack size unknown bytes, entry8b.o(.ARM.Collect$$$$0000000A))

<P><STRONG><a name="[2a]"></a>_main_init</STRONG> (Thumb, 0 bytes, Stack size unknown bytes, entry9a.o(.ARM.Collect$$$$0000000B))

<P><STRONG><a name="[2b]"></a>__rt_final_cpp</STRONG> (Thumb, 0 bytes, Stack size unknown bytes, entry10a.o(.ARM.Collect$$$$0000000D))

<P><STRONG><a name="[2c]"></a>__rt_final_exit</STRONG> (Thumb, 0 bytes, Stack size unknown bytes, entry11a.o(.ARM.Collect$$$$0000000F))

<P><STRONG><a name="[b]"></a>__scatterload</STRONG> (Thumb, 28 bytes, Stack size 0 bytes, init.o(.text))
<BR><BR>[Calls]<UL><LI><a href="#[c]">&gt;&gt;</a>&nbsp;&nbsp;&nbsp;__main_after_scatterload
</UL>
<BR>[Called By]<UL><LI><a href="#[a]">&gt;&gt;</a>&nbsp;&nbsp;&nbsp;_main_scatterload
</UL>

<P><STRONG><a name="[2d]"></a>__scatterload_rt2</STRONG> (Thumb, 0 bytes, Stack size 0 bytes, init.o(.text), UNUSED)

<P><STRONG><a name="[24]"></a>Adafruit_SSD1351_Init</STRONG> (Thumb, 54 bytes, Stack size 0 bytes, adafruit_ssd1351.o(i.Adafruit_SSD1351_Init))
<BR><BR>[Called By]<UL><LI><a href="#[7]">&gt;&gt;</a>&nbsp;&nbsp;&nbsp;main
</UL>

<P><STRONG><a name="[d]"></a>ConfigureUART1</STRONG> (Thumb, 82 bytes, Stack size 16 bytes, hello.o(i.ConfigureUART1))
<BR><BR>[Stack]<UL><LI>Max Depth = 16<LI>Call Chain = ConfigureUART1
</UL>
<BR>[Calls]<UL><LI><a href="#[e]">&gt;&gt;</a>&nbsp;&nbsp;&nbsp;UARTClockSourceSet
</UL>
<BR>[Called By]<UL><LI><a href="#[7]">&gt;&gt;</a>&nbsp;&nbsp;&nbsp;main
</UL>

<P><STRONG><a name="[10]"></a>GPIODirModeSet</STRONG> (Thumb, 40 bytes, Stack size 0 bytes, gpio.o(i.GPIODirModeSet))
<BR><BR>[Called By]<UL><LI><a href="#[f]">&gt;&gt;</a>&nbsp;&nbsp;&nbsp;GPIOPinTypeUART
</UL>

<P><STRONG><a name="[12]"></a>GPIOIntClear</STRONG> (Thumb, 6 bytes, Stack size 0 bytes, gpio.o(i.GPIOIntClear))
<BR><BR>[Called By]<UL><LI><a href="#[5]">&gt;&gt;</a>&nbsp;&nbsp;&nbsp;IR_HANDLER
</UL>

<P><STRONG><a name="[21]"></a>GPIOIntEnable</STRONG> (Thumb, 14 bytes, Stack size 0 bytes, gpio.o(i.GPIOIntEnable))
<BR><BR>[Called By]<UL><LI><a href="#[7]">&gt;&gt;</a>&nbsp;&nbsp;&nbsp;main
</UL>

<P><STRONG><a name="[11]"></a>GPIOPadConfigSet</STRONG> (Thumb, 176 bytes, Stack size 0 bytes, gpio.o(i.GPIOPadConfigSet))
<BR><BR>[Called By]<UL><LI><a href="#[f]">&gt;&gt;</a>&nbsp;&nbsp;&nbsp;GPIOPinTypeUART
</UL>

<P><STRONG><a name="[22]"></a>GPIOPinConfigure</STRONG> (Thumb, 64 bytes, Stack size 0 bytes, gpio.o(i.GPIOPinConfigure))
<BR><BR>[Called By]<UL><LI><a href="#[7]">&gt;&gt;</a>&nbsp;&nbsp;&nbsp;main
</UL>

<P><STRONG><a name="[f]"></a>GPIOPinTypeUART</STRONG> (Thumb, 28 bytes, Stack size 12 bytes, gpio.o(i.GPIOPinTypeUART))
<BR><BR>[Stack]<UL><LI>Max Depth = 12<LI>Call Chain = GPIOPinTypeUART
</UL>
<BR>[Calls]<UL><LI><a href="#[11]">&gt;&gt;</a>&nbsp;&nbsp;&nbsp;GPIOPadConfigSet
<LI><a href="#[10]">&gt;&gt;</a>&nbsp;&nbsp;&nbsp;GPIODirModeSet
</UL>
<BR>[Called By]<UL><LI><a href="#[7]">&gt;&gt;</a>&nbsp;&nbsp;&nbsp;main
<LI><a href="#[15]">&gt;&gt;</a>&nbsp;&nbsp;&nbsp;InitConsole
</UL>

<P><STRONG><a name="[5]"></a>IR_HANDLER</STRONG> (Thumb, 274 bytes, Stack size 32 bytes, hello.o(i.IR_HANDLER))
<BR><BR>[Stack]<UL><LI>Max Depth = 72<LI>Call Chain = IR_HANDLER &rArr; drawFillRect &rArr; writeCommand
</UL>
<BR>[Calls]<UL><LI><a href="#[13]">&gt;&gt;</a>&nbsp;&nbsp;&nbsp;drawFillRect
<LI><a href="#[14]">&gt;&gt;</a>&nbsp;&nbsp;&nbsp;SysCtlClockGet
<LI><a href="#[12]">&gt;&gt;</a>&nbsp;&nbsp;&nbsp;GPIOIntClear
</UL>
<BR>[Address Reference Count : 1]<UL><LI> startup_rvmdk.o(RESET)
</UL>
<P><STRONG><a name="[15]"></a>InitConsole</STRONG> (Thumb, 74 bytes, Stack size 8 bytes, hello.o(i.InitConsole))
<BR><BR>[Stack]<UL><LI>Max Depth = 40<LI>Call Chain = InitConsole &rArr; UARTStdioConfig
</UL>
<BR>[Calls]<UL><LI><a href="#[16]">&gt;&gt;</a>&nbsp;&nbsp;&nbsp;UARTStdioConfig
<LI><a href="#[e]">&gt;&gt;</a>&nbsp;&nbsp;&nbsp;UARTClockSourceSet
<LI><a href="#[f]">&gt;&gt;</a>&nbsp;&nbsp;&nbsp;GPIOPinTypeUART
</UL>
<BR>[Called By]<UL><LI><a href="#[7]">&gt;&gt;</a>&nbsp;&nbsp;&nbsp;main
</UL>

<P><STRONG><a name="[25]"></a>Outstr_UART1</STRONG> (Thumb, 30 bytes, Stack size 16 bytes, hello.o(i.Outstr_UART1))
<BR><BR>[Stack]<UL><LI>Max Depth = 16<LI>Call Chain = Outstr_UART1
</UL>
<BR>[Called By]<UL><LI><a href="#[7]">&gt;&gt;</a>&nbsp;&nbsp;&nbsp;main
</UL>

<P><STRONG><a name="[26]"></a>SSIBusy</STRONG> (Thumb, 8 bytes, Stack size 0 bytes, ssi.o(i.SSIBusy))
<BR><BR>[Called By]<UL><LI><a href="#[19]">&gt;&gt;</a>&nbsp;&nbsp;&nbsp;writeCommand
</UL>

<P><STRONG><a name="[17]"></a>SSIDataPut</STRONG> (Thumb, 12 bytes, Stack size 0 bytes, ssi.o(i.SSIDataPut))
<BR><BR>[Calls]<UL><LI><a href="#[17]">&gt;&gt;</a>&nbsp;&nbsp;&nbsp;SSIDataPut
</UL>
<BR>[Called By]<UL><LI><a href="#[17]">&gt;&gt;</a>&nbsp;&nbsp;&nbsp;SSIDataPut
<LI><a href="#[1a]">&gt;&gt;</a>&nbsp;&nbsp;&nbsp;writeData
<LI><a href="#[19]">&gt;&gt;</a>&nbsp;&nbsp;&nbsp;writeCommand
</UL>

<P><STRONG><a name="[4]"></a>SYS_TICK_IR_HANDLER</STRONG> (Thumb, 10 bytes, Stack size 0 bytes, hello.o(i.SYS_TICK_IR_HANDLER))
<BR>[Address Reference Count : 1]<UL><LI> startup_rvmdk.o(RESET)
</UL>
<P><STRONG><a name="[14]"></a>SysCtlClockGet</STRONG> (Thumb, 250 bytes, Stack size 4 bytes, sysctl.o(i.SysCtlClockGet))
<BR><BR>[Stack]<UL><LI>Max Depth = 4<LI>Call Chain = SysCtlClockGet
</UL>
<BR>[Called By]<UL><LI><a href="#[7]">&gt;&gt;</a>&nbsp;&nbsp;&nbsp;main
<LI><a href="#[5]">&gt;&gt;</a>&nbsp;&nbsp;&nbsp;IR_HANDLER
</UL>

<P><STRONG><a name="[6]"></a>UART1IntHandler</STRONG> (Thumb, 42 bytes, Stack size 16 bytes, hello.o(i.UART1IntHandler))
<BR><BR>[Stack]<UL><LI>Max Depth = 16<LI>Call Chain = UART1IntHandler
</UL>
<BR>[Address Reference Count : 1]<UL><LI> startup_rvmdk.o(RESET)
</UL>
<P><STRONG><a name="[e]"></a>UARTClockSourceSet</STRONG> (Thumb, 6 bytes, Stack size 0 bytes, uart.o(i.UARTClockSourceSet))
<BR><BR>[Called By]<UL><LI><a href="#[15]">&gt;&gt;</a>&nbsp;&nbsp;&nbsp;InitConsole
<LI><a href="#[d]">&gt;&gt;</a>&nbsp;&nbsp;&nbsp;ConfigureUART1
</UL>

<P><STRONG><a name="[16]"></a>UARTStdioConfig</STRONG> (Thumb, 82 bytes, Stack size 32 bytes, uartstdio.o(i.UARTStdioConfig))
<BR><BR>[Stack]<UL><LI>Max Depth = 32<LI>Call Chain = UARTStdioConfig
</UL>
<BR>[Called By]<UL><LI><a href="#[15]">&gt;&gt;</a>&nbsp;&nbsp;&nbsp;InitConsole
</UL>

<P><STRONG><a name="[2e]"></a>__scatterload_copy</STRONG> (Thumb, 14 bytes, Stack size unknown bytes, handlers.o(i.__scatterload_copy), UNUSED)

<P><STRONG><a name="[2f]"></a>__scatterload_null</STRONG> (Thumb, 2 bytes, Stack size unknown bytes, handlers.o(i.__scatterload_null), UNUSED)

<P><STRONG><a name="[30]"></a>__scatterload_zeroinit</STRONG> (Thumb, 14 bytes, Stack size unknown bytes, handlers.o(i.__scatterload_zeroinit), UNUSED)

<P><STRONG><a name="[18]"></a>begin</STRONG> (Thumb, 264 bytes, Stack size 8 bytes, adafruit_ssd1351.o(i.begin))
<BR><BR>[Stack]<UL><LI>Max Depth = 24<LI>Call Chain = begin &rArr; writeCommand
</UL>
<BR>[Calls]<UL><LI><a href="#[1a]">&gt;&gt;</a>&nbsp;&nbsp;&nbsp;writeData
<LI><a href="#[19]">&gt;&gt;</a>&nbsp;&nbsp;&nbsp;writeCommand
</UL>
<BR>[Called By]<UL><LI><a href="#[7]">&gt;&gt;</a>&nbsp;&nbsp;&nbsp;main
</UL>

<P><STRONG><a name="[1b]"></a>drawFastVLine</STRONG> (Thumb, 110 bytes, Stack size 24 bytes, adafruit_ssd1351.o(i.drawFastVLine))
<BR><BR>[Stack]<UL><LI>Max Depth = 40<LI>Call Chain = drawFastVLine &rArr; writeCommand
</UL>
<BR>[Calls]<UL><LI><a href="#[1a]">&gt;&gt;</a>&nbsp;&nbsp;&nbsp;writeData
<LI><a href="#[19]">&gt;&gt;</a>&nbsp;&nbsp;&nbsp;writeCommand
</UL>
<BR>[Called By]<UL><LI><a href="#[1d]">&gt;&gt;</a>&nbsp;&nbsp;&nbsp;fillCircleHelper
<LI><a href="#[1c]">&gt;&gt;</a>&nbsp;&nbsp;&nbsp;fillCircle
</UL>

<P><STRONG><a name="[13]"></a>drawFillRect</STRONG> (Thumb, 132 bytes, Stack size 24 bytes, adafruit_ssd1351.o(i.drawFillRect))
<BR><BR>[Stack]<UL><LI>Max Depth = 40<LI>Call Chain = drawFillRect &rArr; writeCommand
</UL>
<BR>[Calls]<UL><LI><a href="#[1a]">&gt;&gt;</a>&nbsp;&nbsp;&nbsp;writeData
<LI><a href="#[19]">&gt;&gt;</a>&nbsp;&nbsp;&nbsp;writeCommand
</UL>
<BR>[Called By]<UL><LI><a href="#[1e]">&gt;&gt;</a>&nbsp;&nbsp;&nbsp;fillRect
<LI><a href="#[7]">&gt;&gt;</a>&nbsp;&nbsp;&nbsp;main
<LI><a href="#[5]">&gt;&gt;</a>&nbsp;&nbsp;&nbsp;IR_HANDLER
</UL>

<P><STRONG><a name="[1c]"></a>fillCircle</STRONG> (Thumb, 52 bytes, Stack size 32 bytes, adafruit_ssd1351.o(i.fillCircle))
<BR><BR>[Stack]<UL><LI>Max Depth = 128<LI>Call Chain = fillCircle &rArr; fillCircleHelper &rArr; drawFastVLine &rArr; writeCommand
</UL>
<BR>[Calls]<UL><LI><a href="#[1d]">&gt;&gt;</a>&nbsp;&nbsp;&nbsp;fillCircleHelper
<LI><a href="#[1b]">&gt;&gt;</a>&nbsp;&nbsp;&nbsp;drawFastVLine
</UL>
<BR>[Called By]<UL><LI><a href="#[7]">&gt;&gt;</a>&nbsp;&nbsp;&nbsp;main
</UL>

<P><STRONG><a name="[1d]"></a>fillCircleHelper</STRONG> (Thumb, 194 bytes, Stack size 56 bytes, adafruit_ssd1351.o(i.fillCircleHelper))
<BR><BR>[Stack]<UL><LI>Max Depth = 96<LI>Call Chain = fillCircleHelper &rArr; drawFastVLine &rArr; writeCommand
</UL>
<BR>[Calls]<UL><LI><a href="#[1b]">&gt;&gt;</a>&nbsp;&nbsp;&nbsp;drawFastVLine
</UL>
<BR>[Called By]<UL><LI><a href="#[1c]">&gt;&gt;</a>&nbsp;&nbsp;&nbsp;fillCircle
</UL>

<P><STRONG><a name="[1e]"></a>fillRect</STRONG> (Thumb, 140 bytes, Stack size 40 bytes, adafruit_ssd1351.o(i.fillRect))
<BR><BR>[Stack]<UL><LI>Max Depth = 80<LI>Call Chain = fillRect &rArr; drawFillRect &rArr; writeCommand
</UL>
<BR>[Calls]<UL><LI><a href="#[1f]">&gt;&gt;</a>&nbsp;&nbsp;&nbsp;getRotation
<LI><a href="#[13]">&gt;&gt;</a>&nbsp;&nbsp;&nbsp;drawFillRect
</UL>
<BR>[Called By]<UL><LI><a href="#[20]">&gt;&gt;</a>&nbsp;&nbsp;&nbsp;fillScreen
</UL>

<P><STRONG><a name="[20]"></a>fillScreen</STRONG> (Thumb, 18 bytes, Stack size 8 bytes, adafruit_ssd1351.o(i.fillScreen))
<BR><BR>[Stack]<UL><LI>Max Depth = 88<LI>Call Chain = fillScreen &rArr; fillRect &rArr; drawFillRect &rArr; writeCommand
</UL>
<BR>[Calls]<UL><LI><a href="#[1e]">&gt;&gt;</a>&nbsp;&nbsp;&nbsp;fillRect
</UL>
<BR>[Called By]<UL><LI><a href="#[7]">&gt;&gt;</a>&nbsp;&nbsp;&nbsp;main
</UL>

<P><STRONG><a name="[1f]"></a>getRotation</STRONG> (Thumb, 22 bytes, Stack size 0 bytes, adafruit_ssd1351.o(i.getRotation))
<BR><BR>[Called By]<UL><LI><a href="#[1e]">&gt;&gt;</a>&nbsp;&nbsp;&nbsp;fillRect
</UL>

<P><STRONG><a name="[7]"></a>main</STRONG> (Thumb, 532 bytes, Stack size 16 bytes, hello.o(i.main))
<BR><BR>[Stack]<UL><LI>Max Depth = 144<LI>Call Chain = main &rArr; fillCircle &rArr; fillCircleHelper &rArr; drawFastVLine &rArr; writeCommand
</UL>
<BR>[Calls]<UL><LI><a href="#[23]">&gt;&gt;</a>&nbsp;&nbsp;&nbsp;reset
<LI><a href="#[20]">&gt;&gt;</a>&nbsp;&nbsp;&nbsp;fillScreen
<LI><a href="#[1c]">&gt;&gt;</a>&nbsp;&nbsp;&nbsp;fillCircle
<LI><a href="#[13]">&gt;&gt;</a>&nbsp;&nbsp;&nbsp;drawFillRect
<LI><a href="#[18]">&gt;&gt;</a>&nbsp;&nbsp;&nbsp;begin
<LI><a href="#[14]">&gt;&gt;</a>&nbsp;&nbsp;&nbsp;SysCtlClockGet
<LI><a href="#[f]">&gt;&gt;</a>&nbsp;&nbsp;&nbsp;GPIOPinTypeUART
<LI><a href="#[22]">&gt;&gt;</a>&nbsp;&nbsp;&nbsp;GPIOPinConfigure
<LI><a href="#[21]">&gt;&gt;</a>&nbsp;&nbsp;&nbsp;GPIOIntEnable
<LI><a href="#[24]">&gt;&gt;</a>&nbsp;&nbsp;&nbsp;Adafruit_SSD1351_Init
<LI><a href="#[25]">&gt;&gt;</a>&nbsp;&nbsp;&nbsp;Outstr_UART1
<LI><a href="#[15]">&gt;&gt;</a>&nbsp;&nbsp;&nbsp;InitConsole
<LI><a href="#[d]">&gt;&gt;</a>&nbsp;&nbsp;&nbsp;ConfigureUART1
</UL>
<BR>[Address Reference Count : 1]<UL><LI> entry9a.o(.ARM.Collect$$$$0000000B)
</UL>
<P><STRONG><a name="[23]"></a>reset</STRONG> (Thumb, 44 bytes, Stack size 16 bytes, adafruit_ssd1351.o(i.reset))
<BR><BR>[Stack]<UL><LI>Max Depth = 16<LI>Call Chain = reset
</UL>
<BR>[Called By]<UL><LI><a href="#[7]">&gt;&gt;</a>&nbsp;&nbsp;&nbsp;main
</UL>

<P><STRONG><a name="[19]"></a>writeCommand</STRONG> (Thumb, 52 bytes, Stack size 16 bytes, adafruit_ssd1351.o(i.writeCommand))
<BR><BR>[Stack]<UL><LI>Max Depth = 16<LI>Call Chain = writeCommand
</UL>
<BR>[Calls]<UL><LI><a href="#[17]">&gt;&gt;</a>&nbsp;&nbsp;&nbsp;SSIDataPut
<LI><a href="#[26]">&gt;&gt;</a>&nbsp;&nbsp;&nbsp;SSIBusy
</UL>
<BR>[Called By]<UL><LI><a href="#[1b]">&gt;&gt;</a>&nbsp;&nbsp;&nbsp;drawFastVLine
<LI><a href="#[13]">&gt;&gt;</a>&nbsp;&nbsp;&nbsp;drawFillRect
<LI><a href="#[18]">&gt;&gt;</a>&nbsp;&nbsp;&nbsp;begin
</UL>

<P><STRONG><a name="[1a]"></a>writeData</STRONG> (Thumb, 32 bytes, Stack size 8 bytes, adafruit_ssd1351.o(i.writeData))
<BR><BR>[Stack]<UL><LI>Max Depth = 8<LI>Call Chain = writeData
</UL>
<BR>[Calls]<UL><LI><a href="#[17]">&gt;&gt;</a>&nbsp;&nbsp;&nbsp;SSIDataPut
</UL>
<BR>[Called By]<UL><LI><a href="#[1b]">&gt;&gt;</a>&nbsp;&nbsp;&nbsp;drawFastVLine
<LI><a href="#[13]">&gt;&gt;</a>&nbsp;&nbsp;&nbsp;drawFillRect
<LI><a href="#[18]">&gt;&gt;</a>&nbsp;&nbsp;&nbsp;begin
</UL>
<P>
<H3>
Local Symbols
</H3>
<P><STRONG><a name="[1]"></a>NmiSR</STRONG> (Thumb, 0 bytes, Stack size unknown bytes, startup_rvmdk.o(RESET))
<BR><BR>[Calls]<UL><LI><a href="#[1]">&gt;&gt;</a>&nbsp;&nbsp;&nbsp;NmiSR
</UL>
<BR>[Called By]<UL><LI><a href="#[1]">&gt;&gt;</a>&nbsp;&nbsp;&nbsp;NmiSR
</UL>
<BR>[Address Reference Count : 1]<UL><LI> startup_rvmdk.o(RESET)
</UL>
<P><STRONG><a name="[2]"></a>FaultISR</STRONG> (Thumb, 0 bytes, Stack size unknown bytes, startup_rvmdk.o(RESET))
<BR><BR>[Calls]<UL><LI><a href="#[2]">&gt;&gt;</a>&nbsp;&nbsp;&nbsp;FaultISR
</UL>
<BR>[Called By]<UL><LI><a href="#[2]">&gt;&gt;</a>&nbsp;&nbsp;&nbsp;FaultISR
</UL>
<BR>[Address Reference Count : 1]<UL><LI> startup_rvmdk.o(RESET)
</UL>
<P><STRONG><a name="[3]"></a>IntDefaultHandler</STRONG> (Thumb, 0 bytes, Stack size unknown bytes, startup_rvmdk.o(RESET))
<BR><BR>[Calls]<UL><LI><a href="#[3]">&gt;&gt;</a>&nbsp;&nbsp;&nbsp;IntDefaultHandler
</UL>
<BR>[Called By]<UL><LI><a href="#[3]">&gt;&gt;</a>&nbsp;&nbsp;&nbsp;IntDefaultHandler
</UL>
<BR>[Address Reference Count : 1]<UL><LI> startup_rvmdk.o(RESET)
</UL><P>
<H3>
Undefined Global Symbols
</H3><HR></body></html>
