Component: ARM Compiler 5.05 update 1 (build 106) Tool: armlink [4d0efa]

==============================================================================

Section Cross References

    hello.o(i.InitConsole) refers to uartstdio.o(i.UARTStdioConfig) for UARTStdioConfig
    hello.o(i.InitEverything) refers to gpio.o(i.GPIOIntEnable) for GPIOIntEnable
    hello.o(i.InitEverything) refers to gpio.o(i.GPIOPinConfigure) for GPIOPinConfigure
    hello.o(i.InitEverything) refers to sysctl.o(i.SysCtlClockGet) for SysCtlClockGet
    hello.o(i.InitEverything) refers to adafruit_ssd1351.o(i.reset) for reset
    hello.o(i.InitEverything) refers to adafruit_ssd1351.o(i.Adafruit_SSD1351_Init) for Adafruit_SSD1351_Init
    hello.o(i.InitEverything) refers to adafruit_ssd1351.o(i.begin) for begin
    hello.o(i.InitEverything) refers to adafruit_ssd1351.o(i.fillScreen) for fillScreen
    hello.o(i.InitEverything) refers to adafruit_ssd1351.o(i.fillCircle) for fillCircle
    hello.o(i.IntHandler) refers to gpio.o(i.GPIOIntDisable) for GPIOIntDisable
    hello.o(i.IntHandler) refers to gpio.o(i.GPIOIntClear) for GPIOIntClear
    hello.o(i.IntHandler) refers to hello.o(i.receive) for receive
    hello.o(i.IntHandler) refers to gpio.o(i.GPIOIntEnable) for GPIOIntEnable
    hello.o(i.IntHandler) refers to hello.o(.data) for .data
    hello.o(i.UART1IntHandler) refers to hello.o(.data) for .data
    hello.o(i.UpdateAccel) refers to hello.o(.data) for .data
    hello.o(i.UpdateBall) refers to adafruit_ssd1351.o(i.fillCircle) for fillCircle
    hello.o(i.UpdateBall) refers to hello.o(i.UpdateAccel) for UpdateAccel
    hello.o(i.UpdateBall) refers to hello.o(.data) for .data
    hello.o(i.configure) refers to i2c.o(i.I2CMasterBusy) for I2CMasterBusy
    hello.o(i.main) refers to sysctl.o(i.SysCtlClockGet) for SysCtlClockGet
    hello.o(i.main) refers to hello.o(i.InitConsole) for InitConsole
    hello.o(i.main) refers to hello.o(i.InitEverything) for InitEverything
    hello.o(i.main) refers to hello.o(i.configure) for configure
    hello.o(i.main) refers to uartstdio.o(i.UARTprintf) for UARTprintf
    hello.o(i.main) refers to hello.o(i.UpdateBall) for UpdateBall
    hello.o(i.main) refers to hello.o(.data) for .data
    hello.o(i.receive) refers to i2c.o(i.I2CMasterSlaveAddrSet) for I2CMasterSlaveAddrSet
    hello.o(i.receive) refers to i2c.o(i.I2CMasterDataPut) for I2CMasterDataPut
    hello.o(i.receive) refers to i2c.o(i.I2CMasterControl) for I2CMasterControl
    hello.o(i.receive) refers to i2c.o(i.I2CMasterBusy) for I2CMasterBusy
    hello.o(i.receive) refers to i2c.o(i.I2CMasterDataGet) for I2CMasterDataGet
    startup_rvmdk.o(RESET) refers to startup_rvmdk.o(STACK) for StackMem
    startup_rvmdk.o(RESET) refers to hello.o(i.IntHandler) for IntHandler
    startup_rvmdk.o(RESET) refers to entry.o(.ARM.Collect$$$$00000000) for __main
    uartstdio.o(i.UARTStdioConfig) refers to uartstdio.o(.constdata) for .constdata
    uartstdio.o(i.UARTStdioConfig) refers to uartstdio.o(.data) for .data
    uartstdio.o(i.UARTgetc) refers to uartstdio.o(.data) for .data
    uartstdio.o(i.UARTgets) refers to uartstdio.o(i.UARTwrite) for UARTwrite
    uartstdio.o(i.UARTgets) refers to uartstdio.o(.data) for .data
    uartstdio.o(i.UARTprintf) refers to uartstdio.o(i.UARTvprintf) for UARTvprintf
    uartstdio.o(i.UARTvprintf) refers to uartstdio.o(i.UARTwrite) for UARTwrite
    uartstdio.o(i.UARTvprintf) refers to uartstdio.o(.constdata) for .constdata
    uartstdio.o(i.UARTwrite) refers to uartstdio.o(.data) for .data
    uartstdio.o(.constdata) refers to uartstdio.o(.conststring) for .conststring
    adafruit_ssd1351.o(i.Adafruit_SSD1351_Init) refers to hello.o(.data) for WIDTH
    adafruit_ssd1351.o(i.Adafruit_SSD1351_Init) refers to hello.o(.data) for HEIGHT
    adafruit_ssd1351.o(i.Adafruit_SSD1351_Init) refers to hello.o(.data) for _width
    adafruit_ssd1351.o(i.Adafruit_SSD1351_Init) refers to hello.o(.data) for _height
    adafruit_ssd1351.o(i.Adafruit_SSD1351_Init) refers to hello.o(.data) for cursor_y
    adafruit_ssd1351.o(i.Adafruit_SSD1351_Init) refers to hello.o(.data) for cursor_x
    adafruit_ssd1351.o(i.Adafruit_SSD1351_Init) refers to hello.o(.data) for rotation
    adafruit_ssd1351.o(i.Adafruit_SSD1351_Init) refers to hello.o(.data) for textsize
    adafruit_ssd1351.o(i.Adafruit_SSD1351_Init) refers to hello.o(.data) for textcolor
    adafruit_ssd1351.o(i.Adafruit_SSD1351_Init) refers to hello.o(.data) for textbgcolor
    adafruit_ssd1351.o(i.Adafruit_SSD1351_Init) refers to hello.o(.data) for wrap
    adafruit_ssd1351.o(i.begin) refers to adafruit_ssd1351.o(i.writeCommand) for writeCommand
    adafruit_ssd1351.o(i.begin) refers to adafruit_ssd1351.o(i.writeData) for writeData
    adafruit_ssd1351.o(i.drawChar) refers to adafruit_ssd1351.o(i.fillRect) for fillRect
    adafruit_ssd1351.o(i.drawChar) refers to adafruit_ssd1351.o(i.drawPixel) for drawPixel
    adafruit_ssd1351.o(i.drawChar) refers to hello.o(.data) for _width
    adafruit_ssd1351.o(i.drawChar) refers to hello.o(.data) for _height
    adafruit_ssd1351.o(i.drawChar) refers to adafruit_ssd1351.o(.constdata) for .constdata
    adafruit_ssd1351.o(i.drawCircle) refers to adafruit_ssd1351.o(i.drawPixel) for drawPixel
    adafruit_ssd1351.o(i.drawCircleHelper) refers to adafruit_ssd1351.o(i.drawPixel) for drawPixel
    adafruit_ssd1351.o(i.drawFastHLine) refers to adafruit_ssd1351.o(i.writeCommand) for writeCommand
    adafruit_ssd1351.o(i.drawFastHLine) refers to adafruit_ssd1351.o(i.writeData) for writeData
    adafruit_ssd1351.o(i.drawFastVLine) refers to adafruit_ssd1351.o(i.writeCommand) for writeCommand
    adafruit_ssd1351.o(i.drawFastVLine) refers to adafruit_ssd1351.o(i.writeData) for writeData
    adafruit_ssd1351.o(i.drawFillRect) refers to adafruit_ssd1351.o(i.writeCommand) for writeCommand
    adafruit_ssd1351.o(i.drawFillRect) refers to adafruit_ssd1351.o(i.writeData) for writeData
    adafruit_ssd1351.o(i.drawLine) refers to adafruit_ssd1351.o(i.abs) for abs
    adafruit_ssd1351.o(i.drawLine) refers to adafruit_ssd1351.o(i.drawPixel) for drawPixel
    adafruit_ssd1351.o(i.drawPixel) refers to adafruit_ssd1351.o(i.getRotation) for getRotation
    adafruit_ssd1351.o(i.drawPixel) refers to adafruit_ssd1351.o(i.goTo) for goTo
    adafruit_ssd1351.o(i.drawPixel) refers to adafruit_ssd1351.o(i.writeData) for writeData
    adafruit_ssd1351.o(i.drawPixel) refers to hello.o(.data) for WIDTH
    adafruit_ssd1351.o(i.drawPixel) refers to hello.o(.data) for HEIGHT
    adafruit_ssd1351.o(i.drawPixel) refers to adafruit_ssd1351.o(.data) for .data
    adafruit_ssd1351.o(i.drawRect) refers to adafruit_ssd1351.o(i.drawFastHLine) for drawFastHLine
    adafruit_ssd1351.o(i.drawRect) refers to adafruit_ssd1351.o(i.drawFastVLine) for drawFastVLine
    adafruit_ssd1351.o(i.drawRoundRect) refers to adafruit_ssd1351.o(i.drawFastHLine) for drawFastHLine
    adafruit_ssd1351.o(i.drawRoundRect) refers to adafruit_ssd1351.o(i.drawFastVLine) for drawFastVLine
    adafruit_ssd1351.o(i.drawRoundRect) refers to adafruit_ssd1351.o(i.drawCircleHelper) for drawCircleHelper
    adafruit_ssd1351.o(i.drawTriangle) refers to adafruit_ssd1351.o(i.drawLine) for drawLine
    adafruit_ssd1351.o(i.fillCircle) refers to adafruit_ssd1351.o(i.drawFastVLine) for drawFastVLine
    adafruit_ssd1351.o(i.fillCircle) refers to adafruit_ssd1351.o(i.fillCircleHelper) for fillCircleHelper
    adafruit_ssd1351.o(i.fillCircleHelper) refers to adafruit_ssd1351.o(i.drawFastVLine) for drawFastVLine
    adafruit_ssd1351.o(i.fillRect) refers to adafruit_ssd1351.o(i.getRotation) for getRotation
    adafruit_ssd1351.o(i.fillRect) refers to adafruit_ssd1351.o(i.drawFillRect) for drawFillRect
    adafruit_ssd1351.o(i.fillRect) refers to hello.o(.data) for WIDTH
    adafruit_ssd1351.o(i.fillRect) refers to hello.o(.data) for HEIGHT
    adafruit_ssd1351.o(i.fillRoundRect) refers to adafruit_ssd1351.o(i.fillRect) for fillRect
    adafruit_ssd1351.o(i.fillRoundRect) refers to adafruit_ssd1351.o(i.fillCircleHelper) for fillCircleHelper
    adafruit_ssd1351.o(i.fillScreen) refers to adafruit_ssd1351.o(i.fillRect) for fillRect
    adafruit_ssd1351.o(i.fillTriangle) refers to adafruit_ssd1351.o(i.drawFastHLine) for drawFastHLine
    adafruit_ssd1351.o(i.getRotation) refers to hello.o(.data) for rotation
    adafruit_ssd1351.o(i.goTo) refers to adafruit_ssd1351.o(i.writeCommand) for writeCommand
    adafruit_ssd1351.o(i.goTo) refers to adafruit_ssd1351.o(i.writeData) for writeData
    adafruit_ssd1351.o(i.height) refers to hello.o(.data) for _height
    adafruit_ssd1351.o(i.invert) refers to adafruit_ssd1351.o(i.writeCommand) for writeCommand
    adafruit_ssd1351.o(i.setCursor) refers to hello.o(.data) for cursor_x
    adafruit_ssd1351.o(i.setCursor) refers to hello.o(.data) for cursor_y
    adafruit_ssd1351.o(i.setRotation) refers to hello.o(.data) for rotation
    adafruit_ssd1351.o(i.setRotation) refers to hello.o(.data) for WIDTH
    adafruit_ssd1351.o(i.setRotation) refers to hello.o(.data) for _width
    adafruit_ssd1351.o(i.setRotation) refers to hello.o(.data) for HEIGHT
    adafruit_ssd1351.o(i.setRotation) refers to hello.o(.data) for _height
    adafruit_ssd1351.o(i.setTextColor) refers to hello.o(.data) for textbgcolor
    adafruit_ssd1351.o(i.setTextColor) refers to hello.o(.data) for textcolor
    adafruit_ssd1351.o(i.setTextSize) refers to hello.o(.data) for textsize
    adafruit_ssd1351.o(i.spiwrite) refers to adafruit_ssd1351.o(.data) for .data
    adafruit_ssd1351.o(i.testdrawcircles) refers to adafruit_ssd1351.o(i.drawCircle) for drawCircle
    adafruit_ssd1351.o(i.testdrawcircles) refers to adafruit_ssd1351.o(i.height) for height
    adafruit_ssd1351.o(i.testdrawcircles) refers to adafruit_ssd1351.o(i.width) for width
    adafruit_ssd1351.o(i.testdrawrects) refers to adafruit_ssd1351.o(i.fillScreen) for fillScreen
    adafruit_ssd1351.o(i.testdrawrects) refers to adafruit_ssd1351.o(i.height) for height
    adafruit_ssd1351.o(i.testdrawrects) refers to adafruit_ssd1351.o(i.width) for width
    adafruit_ssd1351.o(i.testdrawrects) refers to adafruit_ssd1351.o(i.drawRect) for drawRect
    adafruit_ssd1351.o(i.testfastlines) refers to adafruit_ssd1351.o(i.fillScreen) for fillScreen
    adafruit_ssd1351.o(i.testfastlines) refers to adafruit_ssd1351.o(i.width) for width
    adafruit_ssd1351.o(i.testfastlines) refers to adafruit_ssd1351.o(i.drawFastHLine) for drawFastHLine
    adafruit_ssd1351.o(i.testfastlines) refers to adafruit_ssd1351.o(i.height) for height
    adafruit_ssd1351.o(i.testfastlines) refers to adafruit_ssd1351.o(i.drawFastVLine) for drawFastVLine
    adafruit_ssd1351.o(i.testfillcircles) refers to adafruit_ssd1351.o(i.fillCircle) for fillCircle
    adafruit_ssd1351.o(i.testfillcircles) refers to adafruit_ssd1351.o(i.height) for height
    adafruit_ssd1351.o(i.testfillcircles) refers to adafruit_ssd1351.o(i.width) for width
    adafruit_ssd1351.o(i.testfillrects) refers to adafruit_ssd1351.o(i.fillScreen) for fillScreen
    adafruit_ssd1351.o(i.testfillrects) refers to adafruit_ssd1351.o(i.height) for height
    adafruit_ssd1351.o(i.testfillrects) refers to adafruit_ssd1351.o(i.width) for width
    adafruit_ssd1351.o(i.testfillrects) refers to adafruit_ssd1351.o(i.fillRect) for fillRect
    adafruit_ssd1351.o(i.testfillrects) refers to adafruit_ssd1351.o(i.drawRect) for drawRect
    adafruit_ssd1351.o(i.testlines) refers to adafruit_ssd1351.o(i.fillScreen) for fillScreen
    adafruit_ssd1351.o(i.testlines) refers to adafruit_ssd1351.o(i.height) for height
    adafruit_ssd1351.o(i.testlines) refers to adafruit_ssd1351.o(i.drawLine) for drawLine
    adafruit_ssd1351.o(i.testlines) refers to adafruit_ssd1351.o(i.width) for width
    adafruit_ssd1351.o(i.testroundrects) refers to adafruit_ssd1351.o(i.width) for width
    adafruit_ssd1351.o(i.testroundrects) refers to adafruit_ssd1351.o(i.height) for height
    adafruit_ssd1351.o(i.testroundrects) refers to adafruit_ssd1351.o(i.fillScreen) for fillScreen
    adafruit_ssd1351.o(i.testroundrects) refers to adafruit_ssd1351.o(i.drawRoundRect) for drawRoundRect
    adafruit_ssd1351.o(i.testtriangles) refers to adafruit_ssd1351.o(i.width) for width
    adafruit_ssd1351.o(i.testtriangles) refers to adafruit_ssd1351.o(i.height) for height
    adafruit_ssd1351.o(i.testtriangles) refers to adafruit_ssd1351.o(i.fillScreen) for fillScreen
    adafruit_ssd1351.o(i.testtriangles) refers to adafruit_ssd1351.o(i.drawTriangle) for drawTriangle
    adafruit_ssd1351.o(i.width) refers to hello.o(.data) for _width
    adafruit_ssd1351.o(i.writeCommand) refers to ssi.o(i.SSIBusy) for SSIBusy
    adafruit_ssd1351.o(i.writeCommand) refers to ssi.o(i.SSIDataPut) for SSIDataPut
    adafruit_ssd1351.o(i.writeData) refers to ssi.o(i.SSIDataPut) for SSIDataPut
    gpio.o(i.GPIOIntRegister) refers to interrupt.o(i.IntRegister) for IntRegister
    gpio.o(i.GPIOIntRegister) refers to interrupt.o(i.IntEnable) for IntEnable
    gpio.o(i.GPIOIntRegister) refers to gpio.o(.constdata) for .constdata
    gpio.o(i.GPIOIntUnregister) refers to interrupt.o(i.IntDisable) for IntDisable
    gpio.o(i.GPIOIntUnregister) refers to interrupt.o(i.IntUnregister) for IntUnregister
    gpio.o(i.GPIOIntUnregister) refers to gpio.o(.constdata) for .constdata
    gpio.o(i.GPIOPinConfigure) refers to gpio.o(.constdata) for .constdata
    gpio.o(i.GPIOPinTypeADC) refers to gpio.o(i.GPIODirModeSet) for GPIODirModeSet
    gpio.o(i.GPIOPinTypeADC) refers to gpio.o(i.GPIOPadConfigSet) for GPIOPadConfigSet
    gpio.o(i.GPIOPinTypeCAN) refers to gpio.o(i.GPIODirModeSet) for GPIODirModeSet
    gpio.o(i.GPIOPinTypeCAN) refers to gpio.o(i.GPIOPadConfigSet) for GPIOPadConfigSet
    gpio.o(i.GPIOPinTypeComparator) refers to gpio.o(i.GPIODirModeSet) for GPIODirModeSet
    gpio.o(i.GPIOPinTypeComparator) refers to gpio.o(i.GPIOPadConfigSet) for GPIOPadConfigSet
    gpio.o(i.GPIOPinTypeEPI) refers to gpio.o(i.GPIODirModeSet) for GPIODirModeSet
    gpio.o(i.GPIOPinTypeEPI) refers to gpio.o(i.GPIOPadConfigSet) for GPIOPadConfigSet
    gpio.o(i.GPIOPinTypeEthernetLED) refers to gpio.o(i.GPIODirModeSet) for GPIODirModeSet
    gpio.o(i.GPIOPinTypeEthernetLED) refers to gpio.o(i.GPIOPadConfigSet) for GPIOPadConfigSet
    gpio.o(i.GPIOPinTypeEthernetMII) refers to gpio.o(i.GPIODirModeSet) for GPIODirModeSet
    gpio.o(i.GPIOPinTypeEthernetMII) refers to gpio.o(i.GPIOPadConfigSet) for GPIOPadConfigSet
    gpio.o(i.GPIOPinTypeFan) refers to gpio.o(i.GPIODirModeSet) for GPIODirModeSet
    gpio.o(i.GPIOPinTypeFan) refers to gpio.o(i.GPIOPadConfigSet) for GPIOPadConfigSet
    gpio.o(i.GPIOPinTypeGPIOInput) refers to gpio.o(i.GPIODirModeSet) for GPIODirModeSet
    gpio.o(i.GPIOPinTypeGPIOInput) refers to gpio.o(i.GPIOPadConfigSet) for GPIOPadConfigSet
    gpio.o(i.GPIOPinTypeGPIOOutput) refers to gpio.o(i.GPIOPadConfigSet) for GPIOPadConfigSet
    gpio.o(i.GPIOPinTypeGPIOOutput) refers to gpio.o(i.GPIODirModeSet) for GPIODirModeSet
    gpio.o(i.GPIOPinTypeGPIOOutputOD) refers to gpio.o(i.GPIOPadConfigSet) for GPIOPadConfigSet
    gpio.o(i.GPIOPinTypeGPIOOutputOD) refers to gpio.o(i.GPIODirModeSet) for GPIODirModeSet
    gpio.o(i.GPIOPinTypeI2C) refers to gpio.o(i.GPIODirModeSet) for GPIODirModeSet
    gpio.o(i.GPIOPinTypeI2C) refers to gpio.o(i.GPIOPadConfigSet) for GPIOPadConfigSet
    gpio.o(i.GPIOPinTypeI2CSCL) refers to gpio.o(i.GPIODirModeSet) for GPIODirModeSet
    gpio.o(i.GPIOPinTypeI2CSCL) refers to gpio.o(i.GPIOPadConfigSet) for GPIOPadConfigSet
    gpio.o(i.GPIOPinTypeLPC) refers to gpio.o(i.GPIODirModeSet) for GPIODirModeSet
    gpio.o(i.GPIOPinTypeLPC) refers to gpio.o(i.GPIOPadConfigSet) for GPIOPadConfigSet
    gpio.o(i.GPIOPinTypePECIRx) refers to gpio.o(i.GPIODirModeSet) for GPIODirModeSet
    gpio.o(i.GPIOPinTypePECIRx) refers to gpio.o(i.GPIOPadConfigSet) for GPIOPadConfigSet
    gpio.o(i.GPIOPinTypePECITx) refers to gpio.o(i.GPIODirModeSet) for GPIODirModeSet
    gpio.o(i.GPIOPinTypePECITx) refers to gpio.o(i.GPIOPadConfigSet) for GPIOPadConfigSet
    gpio.o(i.GPIOPinTypePWM) refers to gpio.o(i.GPIODirModeSet) for GPIODirModeSet
    gpio.o(i.GPIOPinTypePWM) refers to gpio.o(i.GPIOPadConfigSet) for GPIOPadConfigSet
    gpio.o(i.GPIOPinTypeQEI) refers to gpio.o(i.GPIODirModeSet) for GPIODirModeSet
    gpio.o(i.GPIOPinTypeQEI) refers to gpio.o(i.GPIOPadConfigSet) for GPIOPadConfigSet
    gpio.o(i.GPIOPinTypeSSI) refers to gpio.o(i.GPIODirModeSet) for GPIODirModeSet
    gpio.o(i.GPIOPinTypeSSI) refers to gpio.o(i.GPIOPadConfigSet) for GPIOPadConfigSet
    gpio.o(i.GPIOPinTypeTimer) refers to gpio.o(i.GPIODirModeSet) for GPIODirModeSet
    gpio.o(i.GPIOPinTypeTimer) refers to gpio.o(i.GPIOPadConfigSet) for GPIOPadConfigSet
    gpio.o(i.GPIOPinTypeUART) refers to gpio.o(i.GPIODirModeSet) for GPIODirModeSet
    gpio.o(i.GPIOPinTypeUART) refers to gpio.o(i.GPIOPadConfigSet) for GPIOPadConfigSet
    gpio.o(i.GPIOPinTypeUSBAnalog) refers to gpio.o(i.GPIODirModeSet) for GPIODirModeSet
    gpio.o(i.GPIOPinTypeUSBAnalog) refers to gpio.o(i.GPIOPadConfigSet) for GPIOPadConfigSet
    gpio.o(i.GPIOPinTypeUSBDigital) refers to gpio.o(i.GPIODirModeSet) for GPIODirModeSet
    gpio.o(i.GPIOPinTypeUSBDigital) refers to gpio.o(i.GPIOPadConfigSet) for GPIOPadConfigSet
    i2c.o(i.I2CIntRegister) refers to interrupt.o(i.IntRegister) for IntRegister
    i2c.o(i.I2CIntRegister) refers to interrupt.o(i.IntEnable) for IntEnable
    i2c.o(i.I2CIntRegister) refers to i2c.o(.constdata) for .constdata
    i2c.o(i.I2CIntUnregister) refers to interrupt.o(i.IntDisable) for IntDisable
    i2c.o(i.I2CIntUnregister) refers to interrupt.o(i.IntUnregister) for IntUnregister
    i2c.o(i.I2CIntUnregister) refers to i2c.o(.constdata) for .constdata
    ssi.o(i.SSIIntRegister) refers to interrupt.o(i.IntRegister) for IntRegister
    ssi.o(i.SSIIntRegister) refers to interrupt.o(i.IntEnable) for IntEnable
    ssi.o(i.SSIIntRegister) refers to ssi.o(.constdata) for .constdata
    ssi.o(i.SSIIntUnregister) refers to interrupt.o(i.IntDisable) for IntDisable
    ssi.o(i.SSIIntUnregister) refers to interrupt.o(i.IntUnregister) for IntUnregister
    ssi.o(i.SSIIntUnregister) refers to ssi.o(.constdata) for .constdata
    sysctl.o(i.SysCtlClockGet) refers to sysctl.o(.constdata) for .constdata
    sysctl.o(i.SysCtlClockSet) refers to sysctl.o(.emb_text) for SysCtlDelay
    sysctl.o(i.SysCtlDeepSleep) refers to cpu.o(.emb_text) for CPUwfi
    sysctl.o(i.SysCtlIntRegister) refers to interrupt.o(i.IntRegister) for IntRegister
    sysctl.o(i.SysCtlIntRegister) refers to interrupt.o(i.IntEnable) for IntEnable
    sysctl.o(i.SysCtlIntUnregister) refers to interrupt.o(i.IntDisable) for IntDisable
    sysctl.o(i.SysCtlIntUnregister) refers to interrupt.o(i.IntUnregister) for IntUnregister
    sysctl.o(i.SysCtlSleep) refers to cpu.o(.emb_text) for CPUwfi
    interrupt.o(i.IntDisable) refers to interrupt.o(.constdata) for .constdata
    interrupt.o(i.IntEnable) refers to interrupt.o(.constdata) for .constdata
    interrupt.o(i.IntIsEnabled) refers to interrupt.o(.constdata) for .constdata
    interrupt.o(i.IntMasterDisable) refers to cpu.o(.emb_text) for CPUcpsid
    interrupt.o(i.IntMasterEnable) refers to cpu.o(.emb_text) for CPUcpsie
    interrupt.o(i.IntPendClear) refers to interrupt.o(.constdata) for .constdata
    interrupt.o(i.IntPendSet) refers to interrupt.o(.constdata) for .constdata
    interrupt.o(i.IntPriorityGet) refers to interrupt.o(.constdata) for .constdata
    interrupt.o(i.IntPriorityGroupingGet) refers to interrupt.o(.constdata) for .constdata
    interrupt.o(i.IntPriorityGroupingSet) refers to interrupt.o(.constdata) for .constdata
    interrupt.o(i.IntPriorityMaskGet) refers to cpu.o(.emb_text) for CPUbasepriGet
    interrupt.o(i.IntPriorityMaskSet) refers to cpu.o(.emb_text) for CPUbasepriSet
    interrupt.o(i.IntPrioritySet) refers to interrupt.o(.constdata) for .constdata
    interrupt.o(i.IntRegister) refers to interrupt.o(vtable) for vtable
    interrupt.o(i.IntUnregister) refers to interrupt.o(i._IntDefaultHandler) for _IntDefaultHandler
    interrupt.o(i.IntUnregister) refers to interrupt.o(vtable) for vtable
    entry.o(.ARM.Collect$$$$00000000) refers (Special) to entry10a.o(.ARM.Collect$$$$0000000D) for __rt_final_cpp
    entry.o(.ARM.Collect$$$$00000000) refers (Special) to entry11a.o(.ARM.Collect$$$$0000000F) for __rt_final_exit
    entry.o(.ARM.Collect$$$$00000000) refers (Special) to entry7b.o(.ARM.Collect$$$$00000008) for _main_clock
    entry.o(.ARM.Collect$$$$00000000) refers (Special) to entry8b.o(.ARM.Collect$$$$0000000A) for _main_cpp_init
    entry.o(.ARM.Collect$$$$00000000) refers (Special) to entry9a.o(.ARM.Collect$$$$0000000B) for _main_init
    entry.o(.ARM.Collect$$$$00000000) refers (Special) to entry5.o(.ARM.Collect$$$$00000004) for _main_scatterload
    entry.o(.ARM.Collect$$$$00000000) refers (Special) to entry2.o(.ARM.Collect$$$$00000001) for _main_stk
    entry2.o(.ARM.Collect$$$$00000001) refers to entry2.o(.ARM.Collect$$$$00002712) for __lit__00000000
    entry2.o(.ARM.Collect$$$$00002712) refers to startup_rvmdk.o(STACK) for __initial_sp
    entry2.o(__vectab_stack_and_reset_area) refers to startup_rvmdk.o(STACK) for __initial_sp
    entry2.o(__vectab_stack_and_reset_area) refers to entry.o(.ARM.Collect$$$$00000000) for __main
    entry5.o(.ARM.Collect$$$$00000004) refers to init.o(.text) for __scatterload
    entry9a.o(.ARM.Collect$$$$0000000B) refers to hello.o(i.main) for main
    entry9b.o(.ARM.Collect$$$$0000000C) refers to hello.o(i.main) for main
    init.o(.text) refers to entry5.o(.ARM.Collect$$$$00000004) for __main_after_scatterload


==============================================================================

Removing Unused input sections from the image.

    Removing hello.o(i.UART1IntHandler), (76 bytes).
    Removing hello.o(.data), (4 bytes).
    Removing hello.o(.data), (4 bytes).
    Removing startup_rvmdk.o(HEAP), (0 bytes).
    Removing startup_rvmdk.o(.text), (0 bytes).
    Removing uartstdio.o(i.UARTgetc), (24 bytes).
    Removing uartstdio.o(i.UARTgets), (132 bytes).
    Removing adafruit_ssd1351.o(i.Color565), (16 bytes).
    Removing adafruit_ssd1351.o(i.abs), (10 bytes).
    Removing adafruit_ssd1351.o(i.delay), (14 bytes).
    Removing adafruit_ssd1351.o(i.drawChar), (196 bytes).
    Removing adafruit_ssd1351.o(i.drawCircle), (270 bytes).
    Removing adafruit_ssd1351.o(i.drawCircleHelper), (228 bytes).
    Removing adafruit_ssd1351.o(i.drawFastHLine), (110 bytes).
    Removing adafruit_ssd1351.o(i.drawLine), (242 bytes).
    Removing adafruit_ssd1351.o(i.drawPixel), (148 bytes).
    Removing adafruit_ssd1351.o(i.drawRect), (70 bytes).
    Removing adafruit_ssd1351.o(i.drawRoundRect), (184 bytes).
    Removing adafruit_ssd1351.o(i.drawTriangle), (76 bytes).
    Removing adafruit_ssd1351.o(i.fillRoundRect), (102 bytes).
    Removing adafruit_ssd1351.o(i.fillTriangle), (410 bytes).
    Removing adafruit_ssd1351.o(i.goTo), (62 bytes).
    Removing adafruit_ssd1351.o(i.height), (12 bytes).
    Removing adafruit_ssd1351.o(i.invert), (12 bytes).
    Removing adafruit_ssd1351.o(i.loop), (2 bytes).
    Removing adafruit_ssd1351.o(i.setCursor), (20 bytes).
    Removing adafruit_ssd1351.o(i.setRotation), (68 bytes).
    Removing adafruit_ssd1351.o(i.setTextColor), (20 bytes).
    Removing adafruit_ssd1351.o(i.setTextSize), (16 bytes).
    Removing adafruit_ssd1351.o(i.spiwrite), (68 bytes).
    Removing adafruit_ssd1351.o(i.swap), (10 bytes).
    Removing adafruit_ssd1351.o(i.testdrawcircles), (68 bytes).
    Removing adafruit_ssd1351.o(i.testdrawrects), (76 bytes).
    Removing adafruit_ssd1351.o(i.testfastlines), (86 bytes).
    Removing adafruit_ssd1351.o(i.testfillcircles), (64 bytes).
    Removing adafruit_ssd1351.o(i.testfillrects), (132 bytes).
    Removing adafruit_ssd1351.o(i.testlines), (358 bytes).
    Removing adafruit_ssd1351.o(i.testroundrects), (82 bytes).
    Removing adafruit_ssd1351.o(i.testtriangles), (88 bytes).
    Removing adafruit_ssd1351.o(i.width), (12 bytes).
    Removing adafruit_ssd1351.o(.constdata), (1275 bytes).
    Removing adafruit_ssd1351.o(.data), (1 bytes).
    Removing adafruit_ssd1351.o(.data), (1 bytes).
    Removing adafruit_ssd1351.o(.data), (1 bytes).
    Removing adafruit_ssd1351.o(.data), (1 bytes).
    Removing adafruit_ssd1351.o(.data), (1 bytes).
    Removing adafruit_ssd1351.o(.data), (20 bytes).
    Removing gpio.o(i.GPIOADCTriggerDisable), (14 bytes).
    Removing gpio.o(i.GPIOADCTriggerEnable), (14 bytes).
    Removing gpio.o(i.GPIODMATriggerDisable), (14 bytes).
    Removing gpio.o(i.GPIODMATriggerEnable), (14 bytes).
    Removing gpio.o(i.GPIODirModeGet), (34 bytes).
    Removing gpio.o(i.GPIODirModeSet), (40 bytes).
    Removing gpio.o(i.GPIOIntRegister), (56 bytes).
    Removing gpio.o(i.GPIOIntStatus), (14 bytes).
    Removing gpio.o(i.GPIOIntTypeGet), (68 bytes).
    Removing gpio.o(i.GPIOIntTypeSet), (80 bytes).
    Removing gpio.o(i.GPIOIntUnregister), (52 bytes).
    Removing gpio.o(i.GPIOPadConfigGet), (140 bytes).
    Removing gpio.o(i.GPIOPadConfigSet), (176 bytes).
    Removing gpio.o(i.GPIOPinRead), (6 bytes).
    Removing gpio.o(i.GPIOPinTypeADC), (28 bytes).
    Removing gpio.o(i.GPIOPinTypeCAN), (28 bytes).
    Removing gpio.o(i.GPIOPinTypeComparator), (28 bytes).
    Removing gpio.o(i.GPIOPinTypeEPI), (28 bytes).
    Removing gpio.o(i.GPIOPinTypeEthernetLED), (28 bytes).
    Removing gpio.o(i.GPIOPinTypeEthernetMII), (28 bytes).
    Removing gpio.o(i.GPIOPinTypeFan), (28 bytes).
    Removing gpio.o(i.GPIOPinTypeGPIOInput), (28 bytes).
    Removing gpio.o(i.GPIOPinTypeGPIOOutput), (28 bytes).
    Removing gpio.o(i.GPIOPinTypeGPIOOutputOD), (28 bytes).
    Removing gpio.o(i.GPIOPinTypeI2C), (28 bytes).
    Removing gpio.o(i.GPIOPinTypeI2CSCL), (28 bytes).
    Removing gpio.o(i.GPIOPinTypeLPC), (28 bytes).
    Removing gpio.o(i.GPIOPinTypePECIRx), (28 bytes).
    Removing gpio.o(i.GPIOPinTypePECITx), (28 bytes).
    Removing gpio.o(i.GPIOPinTypePWM), (28 bytes).
    Removing gpio.o(i.GPIOPinTypeQEI), (28 bytes).
    Removing gpio.o(i.GPIOPinTypeSSI), (28 bytes).
    Removing gpio.o(i.GPIOPinTypeTimer), (28 bytes).
    Removing gpio.o(i.GPIOPinTypeUART), (28 bytes).
    Removing gpio.o(i.GPIOPinTypeUSBAnalog), (28 bytes).
    Removing gpio.o(i.GPIOPinTypeUSBDigital), (28 bytes).
    Removing gpio.o(i.GPIOPinWrite), (6 bytes).
    Removing i2c.o(i.I2CIntRegister), (56 bytes).
    Removing i2c.o(i.I2CIntUnregister), (52 bytes).
    Removing i2c.o(i.I2CMasterBusBusy), (12 bytes).
    Removing i2c.o(i.I2CMasterDisable), (10 bytes).
    Removing i2c.o(i.I2CMasterEnable), (10 bytes).
    Removing i2c.o(i.I2CMasterErr), (24 bytes).
    Removing i2c.o(i.I2CMasterInitExpClk), (84 bytes).
    Removing i2c.o(i.I2CMasterIntClear), (8 bytes).
    Removing i2c.o(i.I2CMasterIntClearEx), (4 bytes).
    Removing i2c.o(i.I2CMasterIntDisable), (6 bytes).
    Removing i2c.o(i.I2CMasterIntDisableEx), (10 bytes).
    Removing i2c.o(i.I2CMasterIntEnable), (6 bytes).
    Removing i2c.o(i.I2CMasterIntEnableEx), (8 bytes).
    Removing i2c.o(i.I2CMasterIntStatus), (24 bytes).
    Removing i2c.o(i.I2CMasterIntStatusEx), (10 bytes).
    Removing i2c.o(i.I2CMasterLineStateGet), (4 bytes).
    Removing i2c.o(i.I2CMasterTimeoutSet), (4 bytes).
    Removing i2c.o(i.I2CSlaveACKOverride), (24 bytes).
    Removing i2c.o(i.I2CSlaveACKValueSet), (24 bytes).
    Removing i2c.o(i.I2CSlaveAddressSet), (24 bytes).
    Removing i2c.o(i.I2CSlaveDataGet), (6 bytes).
    Removing i2c.o(i.I2CSlaveDataPut), (6 bytes).
    Removing i2c.o(i.I2CSlaveDisable), (16 bytes).
    Removing i2c.o(i.I2CSlaveEnable), (16 bytes).
    Removing i2c.o(i.I2CSlaveInit), (20 bytes).
    Removing i2c.o(i.I2CSlaveIntClear), (8 bytes).
    Removing i2c.o(i.I2CSlaveIntClearEx), (6 bytes).
    Removing i2c.o(i.I2CSlaveIntDisable), (16 bytes).
    Removing i2c.o(i.I2CSlaveIntDisableEx), (14 bytes).
    Removing i2c.o(i.I2CSlaveIntEnable), (16 bytes).
    Removing i2c.o(i.I2CSlaveIntEnableEx), (14 bytes).
    Removing i2c.o(i.I2CSlaveIntStatus), (28 bytes).
    Removing i2c.o(i.I2CSlaveIntStatusEx), (14 bytes).
    Removing i2c.o(i.I2CSlaveStatus), (6 bytes).
    Removing i2c.o(.constdata), (48 bytes).
    Removing ssi.o(i.SSIClockSourceGet), (6 bytes).
    Removing ssi.o(i.SSIClockSourceSet), (6 bytes).
    Removing ssi.o(i.SSIConfigSetExpClk), (74 bytes).
    Removing ssi.o(i.SSIDMADisable), (10 bytes).
    Removing ssi.o(i.SSIDMAEnable), (8 bytes).
    Removing ssi.o(i.SSIDataGet), (14 bytes).
    Removing ssi.o(i.SSIDataGetNonBlocking), (20 bytes).
    Removing ssi.o(i.SSIDataPutNonBlocking), (16 bytes).
    Removing ssi.o(i.SSIDisable), (10 bytes).
    Removing ssi.o(i.SSIEnable), (10 bytes).
    Removing ssi.o(i.SSIIntClear), (4 bytes).
    Removing ssi.o(i.SSIIntDisable), (10 bytes).
    Removing ssi.o(i.SSIIntEnable), (8 bytes).
    Removing ssi.o(i.SSIIntRegister), (56 bytes).
    Removing ssi.o(i.SSIIntStatus), (10 bytes).
    Removing ssi.o(i.SSIIntUnregister), (52 bytes).
    Removing ssi.o(.constdata), (32 bytes).
    Removing sysctl.o(.emb_text), (6 bytes).
    Removing sysctl.o(i.SysCtlADCSpeedGet), (16 bytes).
    Removing sysctl.o(i.SysCtlADCSpeedSet), (28 bytes).
    Removing sysctl.o(i.SysCtlClockSet), (284 bytes).
    Removing sysctl.o(i.SysCtlDeepSleep), (32 bytes).
    Removing sysctl.o(i.SysCtlDeepSleepClockSet), (12 bytes).
    Removing sysctl.o(i.SysCtlFlashSizeGet), (20 bytes).
    Removing sysctl.o(i.SysCtlGPIOAHBDisable), (28 bytes).
    Removing sysctl.o(i.SysCtlGPIOAHBEnable), (24 bytes).
    Removing sysctl.o(i.SysCtlIntClear), (12 bytes).
    Removing sysctl.o(i.SysCtlIntDisable), (16 bytes).
    Removing sysctl.o(i.SysCtlIntEnable), (16 bytes).
    Removing sysctl.o(i.SysCtlIntRegister), (20 bytes).
    Removing sysctl.o(i.SysCtlIntStatus), (16 bytes).
    Removing sysctl.o(i.SysCtlIntUnregister), (18 bytes).
    Removing sysctl.o(i.SysCtlMOSCConfigSet), (12 bytes).
    Removing sysctl.o(i.SysCtlPIOSCCalibrate), (76 bytes).
    Removing sysctl.o(i.SysCtlPWMClockGet), (24 bytes).
    Removing sysctl.o(i.SysCtlPWMClockSet), (20 bytes).
    Removing sysctl.o(i.SysCtlPeripheralClockGating), (24 bytes).
    Removing sysctl.o(i.SysCtlPeripheralDeepSleepDisable), (40 bytes).
    Removing sysctl.o(i.SysCtlPeripheralDeepSleepEnable), (40 bytes).
    Removing sysctl.o(i.SysCtlPeripheralDisable), (40 bytes).
    Removing sysctl.o(i.SysCtlPeripheralEnable), (40 bytes).
    Removing sysctl.o(i.SysCtlPeripheralPowerOff), (40 bytes).
    Removing sysctl.o(i.SysCtlPeripheralPowerOn), (40 bytes).
    Removing sysctl.o(i.SysCtlPeripheralPresent), (44 bytes).
    Removing sysctl.o(i.SysCtlPeripheralReady), (44 bytes).
    Removing sysctl.o(i.SysCtlPeripheralReset), (60 bytes).
    Removing sysctl.o(i.SysCtlPeripheralSleepDisable), (40 bytes).
    Removing sysctl.o(i.SysCtlPeripheralSleepEnable), (40 bytes).
    Removing sysctl.o(i.SysCtlReset), (16 bytes).
    Removing sysctl.o(i.SysCtlResetCauseClear), (16 bytes).
    Removing sysctl.o(i.SysCtlResetCauseGet), (12 bytes).
    Removing sysctl.o(i.SysCtlSRAMSizeGet), (16 bytes).
    Removing sysctl.o(i.SysCtlSleep), (4 bytes).
    Removing sysctl.o(i.SysCtlUSBPLLDisable), (16 bytes).
    Removing sysctl.o(i.SysCtlUSBPLLEnable), (16 bytes).
    Removing sysctl.o(.data), (4 bytes).
    Removing sysctl.o(.data), (4 bytes).
    Removing sysctl.o(.data), (4 bytes).
    Removing sysctl.o(.data), (4 bytes).
    Removing sysctl.o(.data), (1 bytes).
    Removing cpu.o(.emb_text), (38 bytes).
    Removing interrupt.o(i.IntDisable), (100 bytes).
    Removing interrupt.o(i.IntEnable), (100 bytes).
    Removing interrupt.o(i.IntIsEnabled), (96 bytes).
    Removing interrupt.o(i.IntMasterDisable), (14 bytes).
    Removing interrupt.o(i.IntMasterEnable), (14 bytes).
    Removing interrupt.o(i.IntPendClear), (68 bytes).
    Removing interrupt.o(i.IntPendSet), (84 bytes).
    Removing interrupt.o(i.IntPriorityGet), (28 bytes).
    Removing interrupt.o(i.IntPriorityGroupingGet), (36 bytes).
    Removing interrupt.o(i.IntPriorityGroupingSet), (28 bytes).
    Removing interrupt.o(i.IntPriorityMaskGet), (4 bytes).
    Removing interrupt.o(i.IntPriorityMaskSet), (4 bytes).
    Removing interrupt.o(i.IntPrioritySet), (40 bytes).
    Removing interrupt.o(i.IntRegister), (52 bytes).
    Removing interrupt.o(i.IntTrigger), (12 bytes).
    Removing interrupt.o(i.IntUnregister), (20 bytes).
    Removing interrupt.o(i._IntDefaultHandler), (2 bytes).
    Removing interrupt.o(.constdata), (268 bytes).
    Removing interrupt.o(vtable), (620 bytes).

199 unused section(s) (total 10113 bytes) removed from the image.

==============================================================================

Image Symbol Table

    Local Symbols

    Symbol Name                              Value     Ov Type        Size  Object(Section)

    RESET                                    0x00000000   Section      648  startup_rvmdk.o(RESET)
    ../clib/microlib/init/entry.s            0x00000000   Number         0  entry11b.o ABSOLUTE
    ../clib/microlib/init/entry.s            0x00000000   Number         0  entry11a.o ABSOLUTE
    ../clib/microlib/init/entry.s            0x00000000   Number         0  entry10b.o ABSOLUTE
    ../clib/microlib/init/entry.s            0x00000000   Number         0  entry10a.o ABSOLUTE
    ../clib/microlib/init/entry.s            0x00000000   Number         0  entry9b.o ABSOLUTE
    ../clib/microlib/init/entry.s            0x00000000   Number         0  entry9a.o ABSOLUTE
    ../clib/microlib/init/entry.s            0x00000000   Number         0  entry8b.o ABSOLUTE
    ../clib/microlib/init/entry.s            0x00000000   Number         0  entry8a.o ABSOLUTE
    ../clib/microlib/init/entry.s            0x00000000   Number         0  entry7b.o ABSOLUTE
    ../clib/microlib/init/entry.s            0x00000000   Number         0  entry7a.o ABSOLUTE
    ../clib/microlib/init/entry.s            0x00000000   Number         0  entry5.o ABSOLUTE
    ../clib/microlib/init/entry.s            0x00000000   Number         0  entry2.o ABSOLUTE
    ../clib/microlib/init/entry.s            0x00000000   Number         0  entry.o ABSOLUTE
    Adafruit_SSD1351.c                       0x00000000   Number         0  adafruit_ssd1351.o ABSOLUTE
    C:\ti\TivaWare_C_Series-1.1\utils\uartstdio.c 0x00000000   Number         0  uartstdio.o ABSOLUTE
    cpu.c                                    0x00000000   Number         0  cpu.o ABSOLUTE
    cpu.c                                    0x00000000   Number         0  cpu.o ABSOLUTE
    dc.s                                     0x00000000   Number         0  dc.o ABSOLUTE
    gpio.c                                   0x00000000   Number         0  gpio.o ABSOLUTE
    handlers.s                               0x00000000   Number         0  handlers.o ABSOLUTE
    hello.c                                  0x00000000   Number         0  hello.o ABSOLUTE
    i2c.c                                    0x00000000   Number         0  i2c.o ABSOLUTE
    init.s                                   0x00000000   Number         0  init.o ABSOLUTE
    interrupt.c                              0x00000000   Number         0  interrupt.o ABSOLUTE
    ssi.c                                    0x00000000   Number         0  ssi.o ABSOLUTE
    startup_rvmdk.S                          0x00000000   Number         0  startup_rvmdk.o ABSOLUTE
    sysctl.c                                 0x00000000   Number         0  sysctl.o ABSOLUTE
    sysctl.c                                 0x00000000   Number         0  sysctl.o ABSOLUTE
    $v0                                      0x0000026c   Number         0  startup_rvmdk.o(RESET)
    NmiSR                                    0x00000281   Thumb Code     0  startup_rvmdk.o(RESET)
    FaultISR                                 0x00000283   Thumb Code     0  startup_rvmdk.o(RESET)
    IntDefaultHandler                        0x00000285   Thumb Code     0  startup_rvmdk.o(RESET)
    .ARM.Collect$$$$00000000                 0x00000288   Section        0  entry.o(.ARM.Collect$$$$00000000)
    .ARM.Collect$$$$00000001                 0x00000288   Section        4  entry2.o(.ARM.Collect$$$$00000001)
    .ARM.Collect$$$$00000004                 0x0000028c   Section        4  entry5.o(.ARM.Collect$$$$00000004)
    .ARM.Collect$$$$00000008                 0x00000290   Section        0  entry7b.o(.ARM.Collect$$$$00000008)
    .ARM.Collect$$$$0000000A                 0x00000290   Section        0  entry8b.o(.ARM.Collect$$$$0000000A)
    .ARM.Collect$$$$0000000B                 0x00000290   Section        8  entry9a.o(.ARM.Collect$$$$0000000B)
    .ARM.Collect$$$$0000000D                 0x00000298   Section        0  entry10a.o(.ARM.Collect$$$$0000000D)
    .ARM.Collect$$$$0000000F                 0x00000298   Section        0  entry11a.o(.ARM.Collect$$$$0000000F)
    .ARM.Collect$$$$00002712                 0x00000298   Section        4  entry2.o(.ARM.Collect$$$$00002712)
    __lit__00000000                          0x00000298   Data           4  entry2.o(.ARM.Collect$$$$00002712)
    .text                                    0x0000029c   Section       36  init.o(.text)
    i.Adafruit_SSD1351_Init                  0x000002c0   Section        0  adafruit_ssd1351.o(i.Adafruit_SSD1351_Init)
    i.GPIOIntClear                           0x00000324   Section        0  gpio.o(i.GPIOIntClear)
    i.GPIOIntDisable                         0x0000032a   Section        0  gpio.o(i.GPIOIntDisable)
    i.GPIOIntEnable                          0x00000338   Section        0  gpio.o(i.GPIOIntEnable)
    i.GPIOPinConfigure                       0x00000348   Section        0  gpio.o(i.GPIOPinConfigure)
    i.I2CMasterBusy                          0x00000390   Section        0  i2c.o(i.I2CMasterBusy)
    i.I2CMasterControl                       0x0000039c   Section        0  i2c.o(i.I2CMasterControl)
    i.I2CMasterDataGet                       0x000003a0   Section        0  i2c.o(i.I2CMasterDataGet)
    i.I2CMasterDataPut                       0x000003a4   Section        0  i2c.o(i.I2CMasterDataPut)
    i.I2CMasterSlaveAddrSet                  0x000003a8   Section        0  i2c.o(i.I2CMasterSlaveAddrSet)
    i.InitConsole                            0x000003b0   Section        0  hello.o(i.InitConsole)
    i.InitEverything                         0x00000410   Section        0  hello.o(i.InitEverything)
    i.IntHandler                             0x0000050c   Section        0  hello.o(i.IntHandler)
    i.SSIBusy                                0x00000578   Section        0  ssi.o(i.SSIBusy)
    i.SSIDataPut                             0x00000580   Section        0  ssi.o(i.SSIDataPut)
    i.SysCtlClockGet                         0x0000058c   Section        0  sysctl.o(i.SysCtlClockGet)
    i.UARTStdioConfig                        0x00000698   Section        0  uartstdio.o(i.UARTStdioConfig)
    i.UARTprintf                             0x000006f4   Section        0  uartstdio.o(i.UARTprintf)
    i.UARTvprintf                            0x00000708   Section        0  uartstdio.o(i.UARTvprintf)
    i.UARTwrite                              0x000008bc   Section        0  uartstdio.o(i.UARTwrite)
    i.UpdateAccel                            0x000008f8   Section        0  hello.o(i.UpdateAccel)
    i.UpdateBall                             0x00000914   Section        0  hello.o(i.UpdateBall)
    i.__scatterload_copy                     0x00000988   Section       14  handlers.o(i.__scatterload_copy)
    i.__scatterload_null                     0x00000996   Section        2  handlers.o(i.__scatterload_null)
    i.__scatterload_zeroinit                 0x00000998   Section       14  handlers.o(i.__scatterload_zeroinit)
    i.begin                                  0x000009a6   Section        0  adafruit_ssd1351.o(i.begin)
    i.configure                              0x00000ab0   Section        0  hello.o(i.configure)
    i.drawFastVLine                          0x00000b8c   Section        0  adafruit_ssd1351.o(i.drawFastVLine)
    i.drawFillRect                           0x00000bfa   Section        0  adafruit_ssd1351.o(i.drawFillRect)
    i.fillCircle                             0x00000c7e   Section        0  adafruit_ssd1351.o(i.fillCircle)
    i.fillCircleHelper                       0x00000cb2   Section        0  adafruit_ssd1351.o(i.fillCircleHelper)
    i.fillRect                               0x00000d74   Section        0  adafruit_ssd1351.o(i.fillRect)
    i.fillScreen                             0x00000e08   Section        0  adafruit_ssd1351.o(i.fillScreen)
    i.getRotation                            0x00000e1c   Section        0  adafruit_ssd1351.o(i.getRotation)
    i.main                                   0x00000e38   Section        0  hello.o(i.main)
    i.receive                                0x00000f34   Section        0  hello.o(i.receive)
    i.reset                                  0x00000f8c   Section        0  adafruit_ssd1351.o(i.reset)
    i.writeCommand                           0x00000fbc   Section        0  adafruit_ssd1351.o(i.writeCommand)
    i.writeData                              0x00000ff8   Section        0  adafruit_ssd1351.o(i.writeData)
    .constdata                               0x00001020   Section       28  uartstdio.o(.constdata)
    g_pcHex                                  0x00001020   Data           4  uartstdio.o(.constdata)
    g_ui32UARTBase                           0x00001024   Data          12  uartstdio.o(.constdata)
    g_ui32UARTPeriph                         0x00001030   Data          12  uartstdio.o(.constdata)
    .constdata                               0x0000103c   Section      312  gpio.o(.constdata)
    g_ppui32GPIOIntMapBlizzard               0x0000103c   Data         192  gpio.o(.constdata)
    g_pui32GPIOBaseAddrs                     0x000010fc   Data         120  gpio.o(.constdata)
    .constdata                               0x00001174   Section      108  sysctl.o(.constdata)
    g_pui32Xtals                             0x00001174   Data         108  sysctl.o(.constdata)
    .conststring                             0x000011e0   Section       17  uartstdio.o(.conststring)
    .data                                    0x20000000   Section       40  hello.o(.data)
    .data                                    0x20000028   Section        4  hello.o(.data)
    .data                                    0x2000002c   Section        4  hello.o(.data)
    .data                                    0x20000030   Section        4  hello.o(.data)
    .data                                    0x20000034   Section        4  hello.o(.data)
    .data                                    0x20000038   Section        4  hello.o(.data)
    .data                                    0x2000003c   Section        4  hello.o(.data)
    .data                                    0x20000040   Section        4  hello.o(.data)
    .data                                    0x20000044   Section        4  hello.o(.data)
    .data                                    0x20000048   Section        4  hello.o(.data)
    .data                                    0x2000004c   Section        4  hello.o(.data)
    .data                                    0x20000050   Section        4  hello.o(.data)
    .data                                    0x20000054   Section        8  uartstdio.o(.data)
    bLastWasCR                               0x20000054   Data           1  uartstdio.o(.data)
    g_ui32Base                               0x20000058   Data           4  uartstdio.o(.data)
    STACK                                    0x20000060   Section      512  startup_rvmdk.o(STACK)
    StackMem                                 0x20000060   Data           0  startup_rvmdk.o(STACK)

    Global Symbols

    Symbol Name                              Value     Ov Type        Size  Object(Section)

    BuildAttributes$$THM_ISAv4$E$P$D$K$B$S$7EM$VFPi3$EXTD16$VFPS$VFMA$PE$A:L22UL41UL21$X:L11$S22US41US21$IEEE1$IW$USESV6$~STKCKD$USESV7$~SHL$OTIME$EBA8$MICROLIB$REQ8$PRES8$EABIv2 0x00000000   Number         0  anon$$obj.o ABSOLUTE
    __ARM_use_no_argv                        0x00000000   Number         0  hello.o ABSOLUTE
    __Vectors                                0x00000000   Data           0  startup_rvmdk.o(RESET)
    __cpp_initialize__aeabi_                  - Undefined Weak Reference
    __cxa_finalize                            - Undefined Weak Reference
    __decompress                              - Undefined Weak Reference
    _clock_init                               - Undefined Weak Reference
    _microlib_exit                            - Undefined Weak Reference
    Reset_Handler                            0x0000026d   Thumb Code     0  startup_rvmdk.o(RESET)
    __main                                   0x00000289   Thumb Code     0  entry.o(.ARM.Collect$$$$00000000)
    _main_stk                                0x00000289   Thumb Code     0  entry2.o(.ARM.Collect$$$$00000001)
    _main_scatterload                        0x0000028d   Thumb Code     0  entry5.o(.ARM.Collect$$$$00000004)
    __main_after_scatterload                 0x00000291   Thumb Code     0  entry5.o(.ARM.Collect$$$$00000004)
    _main_clock                              0x00000291   Thumb Code     0  entry7b.o(.ARM.Collect$$$$00000008)
    _main_cpp_init                           0x00000291   Thumb Code     0  entry8b.o(.ARM.Collect$$$$0000000A)
    _main_init                               0x00000291   Thumb Code     0  entry9a.o(.ARM.Collect$$$$0000000B)
    __rt_final_cpp                           0x00000299   Thumb Code     0  entry10a.o(.ARM.Collect$$$$0000000D)
    __rt_final_exit                          0x00000299   Thumb Code     0  entry11a.o(.ARM.Collect$$$$0000000F)
    __scatterload                            0x0000029d   Thumb Code    28  init.o(.text)
    __scatterload_rt2                        0x0000029d   Thumb Code     0  init.o(.text)
    Adafruit_SSD1351_Init                    0x000002c1   Thumb Code    54  adafruit_ssd1351.o(i.Adafruit_SSD1351_Init)
    GPIOIntClear                             0x00000325   Thumb Code     6  gpio.o(i.GPIOIntClear)
    GPIOIntDisable                           0x0000032b   Thumb Code    14  gpio.o(i.GPIOIntDisable)
    GPIOIntEnable                            0x00000339   Thumb Code    14  gpio.o(i.GPIOIntEnable)
    GPIOPinConfigure                         0x00000349   Thumb Code    64  gpio.o(i.GPIOPinConfigure)
    I2CMasterBusy                            0x00000391   Thumb Code    12  i2c.o(i.I2CMasterBusy)
    I2CMasterControl                         0x0000039d   Thumb Code     4  i2c.o(i.I2CMasterControl)
    I2CMasterDataGet                         0x000003a1   Thumb Code     4  i2c.o(i.I2CMasterDataGet)
    I2CMasterDataPut                         0x000003a5   Thumb Code     4  i2c.o(i.I2CMasterDataPut)
    I2CMasterSlaveAddrSet                    0x000003a9   Thumb Code     8  i2c.o(i.I2CMasterSlaveAddrSet)
    InitConsole                              0x000003b1   Thumb Code    78  hello.o(i.InitConsole)
    InitEverything                           0x00000411   Thumb Code   228  hello.o(i.InitEverything)
    IntHandler                               0x0000050d   Thumb Code    98  hello.o(i.IntHandler)
    SSIBusy                                  0x00000579   Thumb Code     8  ssi.o(i.SSIBusy)
    SSIDataPut                               0x00000581   Thumb Code    12  ssi.o(i.SSIDataPut)
    SysCtlClockGet                           0x0000058d   Thumb Code   250  sysctl.o(i.SysCtlClockGet)
    UARTStdioConfig                          0x00000699   Thumb Code    82  uartstdio.o(i.UARTStdioConfig)
    UARTprintf                               0x000006f5   Thumb Code    18  uartstdio.o(i.UARTprintf)
    UARTvprintf                              0x00000709   Thumb Code   420  uartstdio.o(i.UARTvprintf)
    UARTwrite                                0x000008bd   Thumb Code    56  uartstdio.o(i.UARTwrite)
    UpdateAccel                              0x000008f9   Thumb Code    22  hello.o(i.UpdateAccel)
    UpdateBall                               0x00000915   Thumb Code   110  hello.o(i.UpdateBall)
    __scatterload_copy                       0x00000989   Thumb Code    14  handlers.o(i.__scatterload_copy)
    __scatterload_null                       0x00000997   Thumb Code     2  handlers.o(i.__scatterload_null)
    __scatterload_zeroinit                   0x00000999   Thumb Code    14  handlers.o(i.__scatterload_zeroinit)
    begin                                    0x000009a7   Thumb Code   264  adafruit_ssd1351.o(i.begin)
    configure                                0x00000ab1   Thumb Code   216  hello.o(i.configure)
    drawFastVLine                            0x00000b8d   Thumb Code   110  adafruit_ssd1351.o(i.drawFastVLine)
    drawFillRect                             0x00000bfb   Thumb Code   132  adafruit_ssd1351.o(i.drawFillRect)
    fillCircle                               0x00000c7f   Thumb Code    52  adafruit_ssd1351.o(i.fillCircle)
    fillCircleHelper                         0x00000cb3   Thumb Code   194  adafruit_ssd1351.o(i.fillCircleHelper)
    fillRect                                 0x00000d75   Thumb Code   140  adafruit_ssd1351.o(i.fillRect)
    fillScreen                               0x00000e09   Thumb Code    18  adafruit_ssd1351.o(i.fillScreen)
    getRotation                              0x00000e1d   Thumb Code    22  adafruit_ssd1351.o(i.getRotation)
    main                                     0x00000e39   Thumb Code   158  hello.o(i.main)
    receive                                  0x00000f35   Thumb Code    82  hello.o(i.receive)
    reset                                    0x00000f8d   Thumb Code    44  adafruit_ssd1351.o(i.reset)
    writeCommand                             0x00000fbd   Thumb Code    52  adafruit_ssd1351.o(i.writeCommand)
    writeData                                0x00000ff9   Thumb Code    32  adafruit_ssd1351.o(i.writeData)
    Region$$Table$$Base                      0x000011f4   Number         0  anon$$obj.o(Region$$Table)
    Region$$Table$$Limit                     0x00001214   Number         0  anon$$obj.o(Region$$Table)
    Ax                                       0x20000000   Data           4  hello.o(.data)
    Ay                                       0x20000004   Data           4  hello.o(.data)
    Az                                       0x20000008   Data           4  hello.o(.data)
    AccX                                     0x2000000c   Data           4  hello.o(.data)
    AccY                                     0x20000010   Data           4  hello.o(.data)
    X                                        0x20000014   Data           4  hello.o(.data)
    Y                                        0x20000018   Data           4  hello.o(.data)
    ReceiveCount                             0x2000001c   Data           4  hello.o(.data)
    Data                                     0x20000020   Data           8  hello.o(.data)
    WIDTH                                    0x20000028   Data           4  hello.o(.data)
    HEIGHT                                   0x2000002c   Data           4  hello.o(.data)
    _width                                   0x20000030   Data           4  hello.o(.data)
    _height                                  0x20000034   Data           4  hello.o(.data)
    rotation                                 0x20000038   Data           4  hello.o(.data)
    cursor_y                                 0x2000003c   Data           4  hello.o(.data)
    cursor_x                                 0x20000040   Data           4  hello.o(.data)
    textsize                                 0x20000044   Data           4  hello.o(.data)
    textcolor                                0x20000048   Data           4  hello.o(.data)
    textbgcolor                              0x2000004c   Data           4  hello.o(.data)
    wrap                                     0x20000050   Data           4  hello.o(.data)
    __initial_sp                             0x20000260   Data           0  startup_rvmdk.o(STACK)



==============================================================================

Memory Map of the image

  Image Entry point : 0x0000026d

  Load Region LR_IROM (Base: 0x00000000, Size: 0x00001270, Max: 0x00040000, ABSOLUTE)

    Execution Region ER_IROM (Base: 0x00000000, Size: 0x00001214, Max: 0x00040000, ABSOLUTE)

    Base Addr    Size         Type   Attr      Idx    E Section Name        Object

    0x00000000   0x00000288   Code   RO          144  * RESET               startup_rvmdk.o
    0x00000288   0x00000000   Code   RO         1517  * .ARM.Collect$$$$00000000  mc_w.l(entry.o)
    0x00000288   0x00000004   Code   RO         1520    .ARM.Collect$$$$00000001  mc_w.l(entry2.o)
    0x0000028c   0x00000004   Code   RO         1523    .ARM.Collect$$$$00000004  mc_w.l(entry5.o)
    0x00000290   0x00000000   Code   RO         1525    .ARM.Collect$$$$00000008  mc_w.l(entry7b.o)
    0x00000290   0x00000000   Code   RO         1527    .ARM.Collect$$$$0000000A  mc_w.l(entry8b.o)
    0x00000290   0x00000008   Code   RO         1528    .ARM.Collect$$$$0000000B  mc_w.l(entry9a.o)
    0x00000298   0x00000000   Code   RO         1530    .ARM.Collect$$$$0000000D  mc_w.l(entry10a.o)
    0x00000298   0x00000000   Code   RO         1532    .ARM.Collect$$$$0000000F  mc_w.l(entry11a.o)
    0x00000298   0x00000004   Code   RO         1521    .ARM.Collect$$$$00002712  mc_w.l(entry2.o)
    0x0000029c   0x00000024   Code   RO         1534    .text               mc_w.l(init.o)
    0x000002c0   0x00000064   Code   RO          204    i.Adafruit_SSD1351_Init  adafruit_ssd1351.o
    0x00000324   0x00000006   Code   RO          492    i.GPIOIntClear      driverlib.lib(gpio.o)
    0x0000032a   0x0000000e   Code   RO          493    i.GPIOIntDisable    driverlib.lib(gpio.o)
    0x00000338   0x0000000e   Code   RO          494    i.GPIOIntEnable     driverlib.lib(gpio.o)
    0x00000346   0x00000002   PAD
    0x00000348   0x00000048   Code   RO          502    i.GPIOPinConfigure  driverlib.lib(gpio.o)
    0x00000390   0x0000000c   Code   RO          773    i.I2CMasterBusy     driverlib.lib(i2c.o)
    0x0000039c   0x00000004   Code   RO          774    i.I2CMasterControl  driverlib.lib(i2c.o)
    0x000003a0   0x00000004   Code   RO          775    i.I2CMasterDataGet  driverlib.lib(i2c.o)
    0x000003a4   0x00000004   Code   RO          776    i.I2CMasterDataPut  driverlib.lib(i2c.o)
    0x000003a8   0x00000008   Code   RO          790    i.I2CMasterSlaveAddrSet  driverlib.lib(i2c.o)
    0x000003b0   0x00000060   Code   RO            1    i.InitConsole       hello.o
    0x00000410   0x000000fc   Code   RO            2    i.InitEverything    hello.o
    0x0000050c   0x0000006c   Code   RO            3    i.IntHandler        hello.o
    0x00000578   0x00000008   Code   RO         1017    i.SSIBusy           driverlib.lib(ssi.o)
    0x00000580   0x0000000c   Code   RO         1025    i.SSIDataPut        driverlib.lib(ssi.o)
    0x0000058c   0x0000010c   Code   RO         1142    i.SysCtlClockGet    driverlib.lib(sysctl.o)
    0x00000698   0x0000005c   Code   RO          149    i.UARTStdioConfig   uartstdio.o
    0x000006f4   0x00000012   Code   RO          152    i.UARTprintf        uartstdio.o
    0x00000706   0x00000002   PAD
    0x00000708   0x000001b4   Code   RO          153    i.UARTvprintf       uartstdio.o
    0x000008bc   0x0000003c   Code   RO          154    i.UARTwrite         uartstdio.o
    0x000008f8   0x0000001c   Code   RO            5    i.UpdateAccel       hello.o
    0x00000914   0x00000074   Code   RO            6    i.UpdateBall        hello.o
    0x00000988   0x0000000e   Code   RO         1538    i.__scatterload_copy  mc_w.l(handlers.o)
    0x00000996   0x00000002   Code   RO         1539    i.__scatterload_null  mc_w.l(handlers.o)
    0x00000998   0x0000000e   Code   RO         1540    i.__scatterload_zeroinit  mc_w.l(handlers.o)
    0x000009a6   0x00000108   Code   RO          207    i.begin             adafruit_ssd1351.o
    0x00000aae   0x00000002   PAD
    0x00000ab0   0x000000dc   Code   RO            7    i.configure         hello.o
    0x00000b8c   0x0000006e   Code   RO          213    i.drawFastVLine     adafruit_ssd1351.o
    0x00000bfa   0x00000084   Code   RO          214    i.drawFillRect      adafruit_ssd1351.o
    0x00000c7e   0x00000034   Code   RO          220    i.fillCircle        adafruit_ssd1351.o
    0x00000cb2   0x000000c2   Code   RO          221    i.fillCircleHelper  adafruit_ssd1351.o
    0x00000d74   0x00000094   Code   RO          222    i.fillRect          adafruit_ssd1351.o
    0x00000e08   0x00000012   Code   RO          224    i.fillScreen        adafruit_ssd1351.o
    0x00000e1a   0x00000002   PAD
    0x00000e1c   0x0000001c   Code   RO          226    i.getRotation       adafruit_ssd1351.o
    0x00000e38   0x000000fc   Code   RO            8    i.main              hello.o
    0x00000f34   0x00000058   Code   RO            9    i.receive           hello.o
    0x00000f8c   0x00000030   Code   RO          231    i.reset             adafruit_ssd1351.o
    0x00000fbc   0x0000003c   Code   RO          247    i.writeCommand      adafruit_ssd1351.o
    0x00000ff8   0x00000028   Code   RO          248    i.writeData         adafruit_ssd1351.o
    0x00001020   0x0000001c   Data   RO          155    .constdata          uartstdio.o
    0x0000103c   0x00000138   Data   RO          527    .constdata          driverlib.lib(gpio.o)
    0x00001174   0x0000006c   Data   RO         1178    .constdata          driverlib.lib(sysctl.o)
    0x000011e0   0x00000011   Data   RO          156    .conststring        uartstdio.o
    0x000011f1   0x00000003   PAD
    0x000011f4   0x00000020   Data   RO         1536    Region$$Table       anon$$obj.o


    Execution Region RW_IRAM (Base: 0x20000000, Size: 0x00000260, Max: 0x00008000, ABSOLUTE)

    Base Addr    Size         Type   Attr      Idx    E Section Name        Object

    0x20000000   0x00000028   Data   RW           10    .data               hello.o
    0x20000028   0x00000004   Data   RW           13    .data               hello.o
    0x2000002c   0x00000004   Data   RW           14    .data               hello.o
    0x20000030   0x00000004   Data   RW           15    .data               hello.o
    0x20000034   0x00000004   Data   RW           16    .data               hello.o
    0x20000038   0x00000004   Data   RW           17    .data               hello.o
    0x2000003c   0x00000004   Data   RW           18    .data               hello.o
    0x20000040   0x00000004   Data   RW           19    .data               hello.o
    0x20000044   0x00000004   Data   RW           20    .data               hello.o
    0x20000048   0x00000004   Data   RW           21    .data               hello.o
    0x2000004c   0x00000004   Data   RW           22    .data               hello.o
    0x20000050   0x00000004   Data   RW           23    .data               hello.o
    0x20000054   0x00000008   Data   RW          157    .data               uartstdio.o
    0x2000005c   0x00000004   PAD
    0x20000060   0x00000200   Zero   RW          142    STACK               startup_rvmdk.o


==============================================================================

Image component sizes


      Code (inc. data)   RO Data    RW Data    ZI Data      Debug   Object Name

      1194         80          0          0          0       7809   adafruit_ssd1351.o
      1160        168          0         84          0      10695   hello.o
       648        622          0          0        512        260   startup_rvmdk.o
       606         30         45          8          0       4480   uartstdio.o

    ----------------------------------------------------------------------
      3614        900         80         92        516      23244   Object Totals
         0          0         32          0          0          0   (incl. Generated)
         6          0          3          0          4          0   (incl. Padding)

    ----------------------------------------------------------------------

      Code (inc. data)   RO Data    RW Data    ZI Data      Debug   Library Member Name

       106          8        312          0          0       5331   gpio.o
        32          0          0          0          0       2161   i2c.o
        20          0          0          0          0        835   ssi.o
       268         18        108          0          0       1972   sysctl.o
         0          0          0          0          0          0   entry.o
         0          0          0          0          0          0   entry10a.o
         0          0          0          0          0          0   entry11a.o
         8          4          0          0          0          0   entry2.o
         4          0          0          0          0          0   entry5.o
         0          0          0          0          0          0   entry7b.o
         0          0          0          0          0          0   entry8b.o
         8          4          0          0          0          0   entry9a.o
        30          0          0          0          0          0   handlers.o
        36          8          0          0          0         68   init.o

    ----------------------------------------------------------------------
       514         42        420          0          0      10367   Library Totals
         2          0          0          0          0          0   (incl. Padding)

    ----------------------------------------------------------------------

      Code (inc. data)   RO Data    RW Data    ZI Data      Debug   Library Name

       426         26        420          0          0      10299   driverlib.lib
        86         16          0          0          0         68   mc_w.l

    ----------------------------------------------------------------------
       514         42        420          0          0      10367   Library Totals

    ----------------------------------------------------------------------

==============================================================================


      Code (inc. data)   RO Data    RW Data    ZI Data      Debug   

      4128        942        500         92        516      30715   Grand Totals
      4128        942        500         92        516      30715   ELF Image Totals
      4128        942        500         92          0          0   ROM Totals

==============================================================================

    Total RO  Size (Code + RO Data)                 4628 (   4.52kB)
    Total RW  Size (RW Data + ZI Data)               608 (   0.59kB)
    Total ROM Size (Code + RO Data + RW Data)       4720 (   4.61kB)

==============================================================================

